stm32f4xx_it.c:75:6:NMI_Handler	4	static
stm32f4xx_it.c:88:6:HardFault_Handler	4	static
stm32f4xx_it.c:103:6:MemManage_Handler	4	static
stm32f4xx_it.c:118:6:BusFault_Handler	4	static
stm32f4xx_it.c:133:6:UsageFault_Handler	4	static
stm32f4xx_it.c:148:6:SVC_Handler	4	static
stm32f4xx_it.c:161:6:DebugMon_Handler	4	static
stm32f4xx_it.c:174:6:PendSV_Handler	4	static
stm32f4xx_it.c:187:6:SysTick_Handler	4	static
stm32f4xx_it.c:207:6:EXTI2_IRQHandler	8	static
stm32f4xx_it.c:221:6:EXTI9_5_IRQHandler	8	static
stm32f4xx_it.c:236:6:EXTI15_10_IRQHandler	8	static
stm32f4xx_it.c:250:6:TIM8_UP_TIM13_IRQHandler	8	static
stm32f4xx_it.c:264:6:TIM6_DAC_IRQHandler	8	static
stm32f4xx_it.c:278:6:DMA2_Stream0_IRQHandler	8	static
stm32f4xx_it.c:292:6:DMA2_Stream1_IRQHandler	8	static
stm32f4xx_it.c:306:6:DMA2_Stream2_IRQHandler	8	static
