Archive member included to satisfy reference by file (symbol)

/Applications/STM32CubeIDE.app/Contents/Eclipse/plugins/com.st.stm32cube.ide.mcu.externaltools.gnu-tools-for-stm32.7-2018-q2-update.macos64_1.4.0.202007081208/tools/bin/../lib/gcc/arm-none-eabi/7.3.1/../../../../arm-none-eabi/lib/thumb/v7e-m/fpv4-sp/hard/libc_nano.a(lib_a-errno.o)
                              Core/Src/syscalls.o (__errno)
/Applications/STM32CubeIDE.app/Contents/Eclipse/plugins/com.st.stm32cube.ide.mcu.externaltools.gnu-tools-for-stm32.7-2018-q2-update.macos64_1.4.0.202007081208/tools/bin/../lib/gcc/arm-none-eabi/7.3.1/../../../../arm-none-eabi/lib/thumb/v7e-m/fpv4-sp/hard/libc_nano.a(lib_a-exit.o)
                              /Applications/STM32CubeIDE.app/Contents/Eclipse/plugins/com.st.stm32cube.ide.mcu.externaltools.gnu-tools-for-stm32.7-2018-q2-update.macos64_1.4.0.202007081208/tools/bin/../lib/gcc/arm-none-eabi/7.3.1/../../../../arm-none-eabi/lib/thumb/v7e-m/fpv4-sp/hard/crt0.o (exit)
/Applications/STM32CubeIDE.app/Contents/Eclipse/plugins/com.st.stm32cube.ide.mcu.externaltools.gnu-tools-for-stm32.7-2018-q2-update.macos64_1.4.0.202007081208/tools/bin/../lib/gcc/arm-none-eabi/7.3.1/../../../../arm-none-eabi/lib/thumb/v7e-m/fpv4-sp/hard/libc_nano.a(lib_a-impure.o)
                              /Applications/STM32CubeIDE.app/Contents/Eclipse/plugins/com.st.stm32cube.ide.mcu.externaltools.gnu-tools-for-stm32.7-2018-q2-update.macos64_1.4.0.202007081208/tools/bin/../lib/gcc/arm-none-eabi/7.3.1/../../../../arm-none-eabi/lib/thumb/v7e-m/fpv4-sp/hard/libc_nano.a(lib_a-exit.o) (_global_impure_ptr)
/Applications/STM32CubeIDE.app/Contents/Eclipse/plugins/com.st.stm32cube.ide.mcu.externaltools.gnu-tools-for-stm32.7-2018-q2-update.macos64_1.4.0.202007081208/tools/bin/../lib/gcc/arm-none-eabi/7.3.1/../../../../arm-none-eabi/lib/thumb/v7e-m/fpv4-sp/hard/libc_nano.a(lib_a-init.o)
                              /Applications/STM32CubeIDE.app/Contents/Eclipse/plugins/com.st.stm32cube.ide.mcu.externaltools.gnu-tools-for-stm32.7-2018-q2-update.macos64_1.4.0.202007081208/tools/bin/../lib/gcc/arm-none-eabi/7.3.1/../../../../arm-none-eabi/lib/thumb/v7e-m/fpv4-sp/hard/crt0.o (__libc_init_array)
/Applications/STM32CubeIDE.app/Contents/Eclipse/plugins/com.st.stm32cube.ide.mcu.externaltools.gnu-tools-for-stm32.7-2018-q2-update.macos64_1.4.0.202007081208/tools/bin/../lib/gcc/arm-none-eabi/7.3.1/../../../../arm-none-eabi/lib/thumb/v7e-m/fpv4-sp/hard/libc_nano.a(lib_a-memset.o)
                              /Applications/STM32CubeIDE.app/Contents/Eclipse/plugins/com.st.stm32cube.ide.mcu.externaltools.gnu-tools-for-stm32.7-2018-q2-update.macos64_1.4.0.202007081208/tools/bin/../lib/gcc/arm-none-eabi/7.3.1/../../../../arm-none-eabi/lib/thumb/v7e-m/fpv4-sp/hard/crt0.o (memset)
/Applications/STM32CubeIDE.app/Contents/Eclipse/plugins/com.st.stm32cube.ide.mcu.externaltools.gnu-tools-for-stm32.7-2018-q2-update.macos64_1.4.0.202007081208/tools/bin/../lib/gcc/arm-none-eabi/7.3.1/../../../../arm-none-eabi/lib/thumb/v7e-m/fpv4-sp/hard/libm.a(lib_a-s_cos.o)
                              Core/Src/main.o (cos)
/Applications/STM32CubeIDE.app/Contents/Eclipse/plugins/com.st.stm32cube.ide.mcu.externaltools.gnu-tools-for-stm32.7-2018-q2-update.macos64_1.4.0.202007081208/tools/bin/../lib/gcc/arm-none-eabi/7.3.1/../../../../arm-none-eabi/lib/thumb/v7e-m/fpv4-sp/hard/libm.a(lib_a-s_sin.o)
                              Core/Src/main.o (sin)
/Applications/STM32CubeIDE.app/Contents/Eclipse/plugins/com.st.stm32cube.ide.mcu.externaltools.gnu-tools-for-stm32.7-2018-q2-update.macos64_1.4.0.202007081208/tools/bin/../lib/gcc/arm-none-eabi/7.3.1/../../../../arm-none-eabi/lib/thumb/v7e-m/fpv4-sp/hard/libm.a(lib_a-e_rem_pio2.o)
                              /Applications/STM32CubeIDE.app/Contents/Eclipse/plugins/com.st.stm32cube.ide.mcu.externaltools.gnu-tools-for-stm32.7-2018-q2-update.macos64_1.4.0.202007081208/tools/bin/../lib/gcc/arm-none-eabi/7.3.1/../../../../arm-none-eabi/lib/thumb/v7e-m/fpv4-sp/hard/libm.a(lib_a-s_cos.o) (__ieee754_rem_pio2)
/Applications/STM32CubeIDE.app/Contents/Eclipse/plugins/com.st.stm32cube.ide.mcu.externaltools.gnu-tools-for-stm32.7-2018-q2-update.macos64_1.4.0.202007081208/tools/bin/../lib/gcc/arm-none-eabi/7.3.1/../../../../arm-none-eabi/lib/thumb/v7e-m/fpv4-sp/hard/libm.a(lib_a-k_cos.o)
                              /Applications/STM32CubeIDE.app/Contents/Eclipse/plugins/com.st.stm32cube.ide.mcu.externaltools.gnu-tools-for-stm32.7-2018-q2-update.macos64_1.4.0.202007081208/tools/bin/../lib/gcc/arm-none-eabi/7.3.1/../../../../arm-none-eabi/lib/thumb/v7e-m/fpv4-sp/hard/libm.a(lib_a-s_cos.o) (__kernel_cos)
/Applications/STM32CubeIDE.app/Contents/Eclipse/plugins/com.st.stm32cube.ide.mcu.externaltools.gnu-tools-for-stm32.7-2018-q2-update.macos64_1.4.0.202007081208/tools/bin/../lib/gcc/arm-none-eabi/7.3.1/../../../../arm-none-eabi/lib/thumb/v7e-m/fpv4-sp/hard/libm.a(lib_a-k_rem_pio2.o)
[...]
Memory Configuration

Name             Origin             Length             Attributes
CCMRAM           0x0000000010000000 0x0000000000010000 xrw
RAM              0x0000000020000000 0x0000000000020000 xrw
FLASH            0x0000000008000000 0x0000000000100000 xr
*default*        0x0000000000000000 0xffffffffffffffff

Linker script and memory map

LOAD /Applications/STM32CubeIDE.app/Contents/Eclipse/plugins/com.st.stm32cube.ide.mcu.externaltools.gnu-tools-for-stm32.7-2018-q2-update.macos64_1.4.0.202007081208/tools/bin/../lib/gcc/arm-none-eabi/7.3.1/thumb/v7e-m/fpv4-sp/hard/crti.o
LOAD /Applications/STM32CubeIDE.app/Contents/Eclipse/plugins/com.st.stm32cube.ide.mcu.externaltools.gnu-tools-for-stm32.7-2018-q2-update.macos64_1.4.0.202007081208/tools/bin/../lib/gcc/arm-none-eabi/7.3.1/thumb/v7e-m/fpv4-sp/hard/crtbegin.o
LOAD /Applications/STM32CubeIDE.app/Contents/Eclipse/plugins/com.st.stm32cube.ide.mcu.externaltools.gnu-tools-for-stm32.7-2018-q2-update.macos64_1.4.0.202007081208/tools/bin/../lib/gcc/arm-none-eabi/7.3.1/../../../../arm-none-eabi/lib/thumb/v7e-m/fpv4-sp/hard/crt0.o
LOAD Core/Src/adc.o
LOAD Core/Src/can.o
LOAD Core/Src/dma.o
LOAD Core/Src/gpio.o
LOAD Core/Src/main.o
LOAD Core/Src/stm32f4xx_hal_msp.o
LOAD Core/Src/stm32f4xx_hal_timebase_tim.o
LOAD Core/Src/stm32f4xx_it.o
LOAD Core/Src/syscalls.o
LOAD Core/Src/sysmem.o
LOAD Core/Src/system_stm32f4xx.o
LOAD Core/Src/tim.o
LOAD Core/Startup/startup_stm32f405rgtx.o
LOAD Drivers/STM32F4xx_HAL_Driver/Src/stm32f4xx_hal.o
LOAD Drivers/STM32F4xx_HAL_Driver/Src/stm32f4xx_hal_adc.o
LOAD Drivers/STM32F4xx_HAL_Driver/Src/stm32f4xx_hal_adc_ex.o
LOAD Drivers/STM32F4xx_HAL_Driver/Src/stm32f4xx_hal_can.o
LOAD Drivers/STM32F4xx_HAL_Driver/Src/stm32f4xx_hal_cortex.o
LOAD Drivers/STM32F4xx_HAL_Driver/Src/stm32f4xx_hal_dma.o
LOAD Drivers/STM32F4xx_HAL_Driver/Src/stm32f4xx_hal_dma_ex.o
LOAD Drivers/STM32F4xx_HAL_Driver/Src/stm32f4xx_hal_exti.o
LOAD Drivers/STM32F4xx_HAL_Driver/Src/stm32f4xx_hal_flash.o
LOAD Drivers/STM32F4xx_HAL_Driver/Src/stm32f4xx_hal_flash_ex.o
LOAD Drivers/STM32F4xx_HAL_Driver/Src/stm32f4xx_hal_flash_ramfunc.o
LOAD Drivers/STM32F4xx_HAL_Driver/Src/stm32f4xx_hal_gpio.o
LOAD Drivers/STM32F4xx_HAL_Driver/Src/stm32f4xx_hal_pwr.o
LOAD Drivers/STM32F4xx_HAL_Driver/Src/stm32f4xx_hal_pwr_ex.o
LOAD Drivers/STM32F4xx_HAL_Driver/Src/stm32f4xx_hal_rcc.o
LOAD Drivers/STM32F4xx_HAL_Driver/Src/stm32f4xx_hal_rcc_ex.o
LOAD Drivers/STM32F4xx_HAL_Driver/Src/stm32f4xx_hal_tim.o
LOAD Drivers/STM32F4xx_HAL_Driver/Src/stm32f4xx_hal_tim_ex.o
START GROUP
LOAD /Applications/STM32CubeIDE.app/Contents/Eclipse/plugins/com.st.stm32cube.ide.mcu.externaltools.gnu-tools-for-stm32.7-2018-q2-update.macos64_1.4.0.202007081208/tools/bin/../lib/gcc/arm-none-eabi/7.3.1/../../../../arm-none-eabi/lib/thumb/v7e-m/fpv4-sp/hard/libc_nano.a
LOAD /Applications/STM32CubeIDE.app/Contents/Eclipse/plugins/com.st.stm32cube.ide.mcu.externaltools.gnu-tools-for-stm32.7-2018-q2-update.macos64_1.4.0.202007081208/tools/bin/../lib/gcc/arm-none-eabi/7.3.1/../../../../arm-none-eabi/lib/thumb/v7e-m/fpv4-sp/hard/libm.a
END GROUP
START GROUP
LOAD /Applications/STM32CubeIDE.app/Contents/Eclipse/plugins/com.st.stm32cube.ide.mcu.externaltools.gnu-tools-for-stm32.7-2018-q2-update.macos64_1.4.0.202007081208/tools/bin/../lib/gcc/arm-none-eabi/7.3.1/thumb/v7e-m/fpv4-sp/hard/libgcc.a
LOAD /Applications/STM32CubeIDE.app/Contents/Eclipse/plugins/com.st.stm32cube.ide.mcu.externaltools.gnu-tools-for-stm32.7-2018-q2-update.macos64_1.4.0.202007081208/tools/bin/../lib/gcc/arm-none-eabi/7.3.1/../../../../arm-none-eabi/lib/thumb/v7e-m/fpv4-sp/hard/libc_nano.a
END GROUP
START GROUP
LOAD /Applications/STM32CubeIDE.app/Contents/Eclipse/plugins/com.st.stm32cube.ide.mcu.externaltools.gnu-tools-for-stm32.7-2018-q2-update.macos64_1.4.0.202007081208/tools/bin/../lib/gcc/arm-none-eabi/7.3.1/thumb/v7e-m/fpv4-sp/hard/libgcc.a
LOAD /Applications/STM32CubeIDE.app/Contents/Eclipse/plugins/com.st.stm32cube.ide.mcu.externaltools.gnu-tools-for-stm32.7-2018-q2-update.macos64_1.4.0.202007081208/tools/bin/../lib/gcc/arm-none-eabi/7.3.1/../../../../arm-none-eabi/lib/thumb/v7e-m/fpv4-sp/hard/libc_nano.a
LOAD /Applications/STM32CubeIDE.app/Contents/Eclipse/plugins/com.st.stm32cube.ide.mcu.externaltools.gnu-tools-for-stm32.7-2018-q2-update.macos64_1.4.0.202007081208/tools/bin/../lib/gcc/arm-none-eabi/7.3.1/../../../../arm-none-eabi/lib/thumb/v7e-m/fpv4-sp/hard/libnosys.a
END GROUP
START GROUP
LOAD /Applications/STM32CubeIDE.app/Contents/Eclipse/plugins/com.st.stm32cube.ide.mcu.externaltools.gnu-tools-for-stm32.7-2018-q2-update.macos64_1.4.0.202007081208/tools/bin/../lib/gcc/arm-none-eabi/7.3.1/thumb/v7e-m/fpv4-sp/hard/libgcc.a
LOAD /Applications/STM32CubeIDE.app/Contents/Eclipse/plugins/com.st.stm32cube.ide.mcu.externaltools.gnu-tools-for-stm32.7-2018-q2-update.macos64_1.4.0.202007081208/tools/bin/../lib/gcc/arm-none-eabi/7.3.1/../../../../arm-none-eabi/lib/thumb/v7e-m/fpv4-sp/hard/libc_nano.a
LOAD /Applications/STM32CubeIDE.app/Contents/Eclipse/plugins/com.st.stm32cube.ide.mcu.externaltools.gnu-tools-for-stm32.7-2018-q2-update.macos64_1.4.0.202007081208/tools/bin/../lib/gcc/arm-none-eabi/7.3.1/../../../../arm-none-eabi/lib/thumb/v7e-m/fpv4-sp/hard/libnosys.a
END GROUP
LOAD /Applications/STM32CubeIDE.app/Contents/Eclipse/plugins/com.st.stm32cube.ide.mcu.externaltools.gnu-tools-for-stm32.7-2018-q2-update.macos64_1.4.0.202007081208/tools/bin/../lib/gcc/arm-none-eabi/7.3.1/thumb/v7e-m/fpv4-sp/hard/crtend.o
LOAD /Applications/STM32CubeIDE.app/Contents/Eclipse/plugins/com.st.stm32cube.ide.mcu.externaltools.gnu-tools-for-stm32.7-2018-q2-update.macos64_1.4.0.202007081208/tools/bin/../lib/gcc/arm-none-eabi/7.3.1/thumb/v7e-m/fpv4-sp/hard/crtn.o
                0x0000000020020000                _estack = (ORIGIN (RAM) + LENGTH (RAM))
                0x0000000000000200                _Min_Heap_Size = 0x200
                0x0000000000000400                _Min_Stack_Size = 0x400

.isr_vector     0x0000000008000000      0x188
                0x0000000008000000                . = ALIGN (0x4)
 *(.isr_vector)
 .isr_vector    0x0000000008000000      0x188 Core/Startup/startup_stm32f405rgtx.o
                0x0000000008000000                g_pfnVectors
                0x0000000008000188                . = ALIGN (0x4)

.text           0x0000000008000188     0x68f4
                0x0000000008000188                . = ALIGN (0x4)
 *(.text)
 .text          0x0000000008000188       0x40 /Applications/STM32CubeIDE.app/Contents/Eclipse/plugins/com.st.stm32cube.ide.mcu.externaltools.gnu-tools-for-stm32.7-2018-q2-update.macos64_1.4.0.202007081208/tools/bin/../lib/gcc/arm-none-eabi/7.3.1/thumb/v7e-m/fpv4-sp/hard/crtbegin.o
 .text          0x00000000080001c8      0x378 /Applications/STM32CubeIDE.app/Contents/Eclipse/plugins/com.st.stm32cube.ide.mcu.externaltools.gnu-tools-for-stm32.7-2018-q2-update.macos64_1.4.0.202007081208/tools/bin/../lib/gcc/arm-none-eabi/7.3.1/thumb/v7e-m/fpv4-sp/hard/libgcc.a(_arm_addsubdf3.o)
                0x00000000080001c8                __aeabi_drsub
                0x00000000080001d0                __subdf3
                0x00000000080001d0                __aeabi_dsub
                0x00000000080001d4                __aeabi_dadd
                0x00000000080001d4                __adddf3
                0x000000000800044c                __aeabi_ui2d
                0x000000000800044c                __floatunsidf
                0x000000000800046c                __floatsidf
                0x000000000800046c                __aeabi_i2d
                0x0000000008000490                __extendsfdf2
                0x0000000008000490                __aeabi_f2d
                0x00000000080004d4                __aeabi_ul2d
                0x00000000080004d4                __floatundidf
                0x00000000080004e4                __aeabi_l2d
                0x00000000080004e4                __floatdidf
 .text          0x0000000008000540      0x424 /Applications/STM32CubeIDE.app/Contents/Eclipse/plugins/com.st.stm32cube.ide.mcu.externaltools.gnu-tools-for-stm32.7-2018-q2-update.macos64_1.4.0.202007081208/tools/bin/../lib/gcc/arm-none-eabi/7.3.1/thumb/v7e-m/fpv4-sp/hard/libgcc.a(_arm_muldivdf3.o)
                0x0000000008000540                __aeabi_dmul
                0x0000000008000540                __muldf3
                0x0000000008000794                __aeabi_ddiv
                0x0000000008000794                __divdf3
 .text          0x0000000008000964      0x110 /Applications/STM32CubeIDE.app/Contents/Eclipse/plugins/com.st.stm32cube.ide.mcu.externaltools.gnu-tools-for-stm32.7-2018-q2-update.macos64_1.4.0.202007081208/tools/bin/../lib/gcc/arm-none-eabi/7.3.1/thumb/v7e-m/fpv4-sp/hard/libgcc.a(_arm_cmpdf2.o)
                0x0000000008000964                __gedf2
                0x0000000008000964                __gtdf2
                0x000000000800096c                __ledf2
                0x000000000800096c                __ltdf2
                0x0000000008000974                __cmpdf2
                0x0000000008000974                __eqdf2
                0x0000000008000974                __nedf2
                0x00000000080009f0                __aeabi_cdrcmple
                0x0000000008000a00                __aeabi_cdcmple
                0x0000000008000a00                __aeabi_cdcmpeq
                0x0000000008000a10                __aeabi_dcmpeq
                0x0000000008000a24                __aeabi_dcmplt
                0x0000000008000a38                __aeabi_dcmple
                0x0000000008000a4c                __aeabi_dcmpge
                0x0000000008000a60                __aeabi_dcmpgt
 .text          0x0000000008000a74       0x50 /Applications/STM32CubeIDE.app/Contents/Eclipse/plugins/com.st.stm32cube.ide.mcu.externaltools.gnu-tools-for-stm32.7-2018-q2-update.macos64_1.4.0.202007081208/tools/bin/../lib/gcc/arm-none-eabi/7.3.1/thumb/v7e-m/fpv4-sp/hard/libgcc.a(_arm_fixdfsi.o)
                0x0000000008000a74                __fixdfsi
                0x0000000008000a74                __aeabi_d2iz
 .text          0x0000000008000ac4       0x30 /Applications/STM32CubeIDE.app/Contents/Eclipse/plugins/com.st.stm32cube.ide.mcu.externaltools.gnu-tools-for-stm32.7-2018-q2-update.macos64_1.4.0.202007081208/tools/bin/../lib/gcc/arm-none-eabi/7.3.1/thumb/v7e-m/fpv4-sp/hard/libgcc.a(_aeabi_uldivmod.o)
                0x0000000008000ac4                __aeabi_uldivmod
 .text          0x0000000008000af4      0x2cc /Applications/STM32CubeIDE.app/Contents/Eclipse/plugins/com.st.stm32cube.ide.mcu.externaltools.gnu-tools-for-stm32.7-2018-q2-update.macos64_1.4.0.202007081208/tools/bin/../lib/gcc/arm-none-eabi/7.3.1/thumb/v7e-m/fpv4-sp/hard/libgcc.a(_udivmoddi4.o)
                0x0000000008000af4                __udivmoddi4
 .text          0x0000000008000dc0        0x4 /Applications/STM32CubeIDE.app/Contents/Eclipse/plugins/com.st.stm32cube.ide.mcu.externaltools.gnu-tools-for-stm32.7-2018-q2-update.macos64_1.4.0.202007081208/tools/bin/../lib/gcc/arm-none-eabi/7.3.1/thumb/v7e-m/fpv4-sp/hard/libgcc.a(_dvmd_tls.o)
                0x0000000008000dc0                __aeabi_ldiv0
                0x0000000008000dc0                __aeabi_idiv0
 *(.text*)
 .text.MX_ADC1_Init
                0x0000000008000dc4       0xe0 Core/Src/adc.o
                0x0000000008000dc4                MX_ADC1_Init
 .text.MX_ADC2_Init
                0x0000000008000ea4       0xc0 Core/Src/adc.o
                0x0000000008000ea4                MX_ADC2_Init
 .text.MX_ADC3_Init
                0x0000000008000f64       0xa4 Core/Src/adc.o
                0x0000000008000f64                MX_ADC3_Init
 .text.HAL_ADC_MspInit
                0x0000000008001008      0x334 Core/Src/adc.o
                0x0000000008001008                HAL_ADC_MspInit
 .text.MX_CAN1_Init
                0x000000000800133c       0x68 Core/Src/can.o
                0x000000000800133c                MX_CAN1_Init
 .text.HAL_CAN_MspInit
                0x00000000080013a4       0x90 Core/Src/can.o
                0x00000000080013a4                HAL_CAN_MspInit
 .text.MX_DMA_Init
                0x0000000008001434       0x60 Core/Src/dma.o
                0x0000000008001434                MX_DMA_Init
 .text.MX_GPIO_Init
                0x0000000008001494      0x1e0 Core/Src/gpio.o
                0x0000000008001494                MX_GPIO_Init
 .text.main     0x0000000008001674       0x60 Core/Src/main.o
                0x0000000008001674                main
 .text.SystemClock_Config
                0x00000000080016d4       0xd4 Core/Src/main.o
                0x00000000080016d4                SystemClock_Config
 .text.loop     0x00000000080017a8       0xf4 Core/Src/main.o
                0x00000000080017a8                loop
 *fill*         0x000000000800189c        0x4 
 .text.initializePeripherals
                0x00000000080018a0      0x1c4 Core/Src/main.o
                0x00000000080018a0                initializePeripherals
 *fill*         0x0000000008001a64        0x4 
 .text.measure  0x0000000008001a68      0x184 Core/Src/main.o
                0x0000000008001a68                measure
 .text.positionControl
                0x0000000008001bec       0x58 Core/Src/main.o
                0x0000000008001bec                positionControl
 *fill*         0x0000000008001c44        0x4 
 .text.calculateSpeed
                0x0000000008001c48       0x5c Core/Src/main.o
                0x0000000008001c48                calculateSpeed
 *fill*         0x0000000008001ca4        0x4 
 .text.speedControl
                0x0000000008001ca8      0x19c Core/Src/main.o
                0x0000000008001ca8                speedControl
 *fill*         0x0000000008001e44        0x4 
 .text.currentControl
                0x0000000008001e48      0x12c Core/Src/main.o
                0x0000000008001e48                currentControl
 *fill*         0x0000000008001f74        0x4 
 .text.voltageAdjust
                0x0000000008001f78       0xb0 Core/Src/main.o
                0x0000000008001f78                voltageAdjust
 .text.output   0x0000000008002028       0x90 Core/Src/main.o
                0x0000000008002028                output
 .text.HAL_GPIO_EXTI_Callback
                0x00000000080020b8       0x94 Core/Src/main.o
                0x00000000080020b8                HAL_GPIO_EXTI_Callback
 .text.errorHandling
                0x000000000800214c       0x68 Core/Src/main.o
                0x000000000800214c                errorHandling
 .text.HAL_TIM_PeriodElapsedCallback
                0x00000000080021b4       0x34 Core/Src/main.o
                0x00000000080021b4                HAL_TIM_PeriodElapsedCallback
 .text.Error_Handler
                0x00000000080021e8       0x18 Core/Src/main.o
                0x00000000080021e8                Error_Handler
 .text.HAL_MspInit
                0x0000000008002200       0x50 Core/Src/stm32f4xx_hal_msp.o
                0x0000000008002200                HAL_MspInit
 .text.HAL_InitTick
                0x0000000008002250       0xb4 Core/Src/stm32f4xx_hal_timebase_tim.o
                0x0000000008002250                HAL_InitTick
 .text.NMI_Handler
                0x0000000008002304        0xe Core/Src/stm32f4xx_it.o
                0x0000000008002304                NMI_Handler
 .text.HardFault_Handler
                0x0000000008002312        0x6 Core/Src/stm32f4xx_it.o
                0x0000000008002312                HardFault_Handler
 .text.MemManage_Handler
                0x0000000008002318        0x6 Core/Src/stm32f4xx_it.o
                0x0000000008002318                MemManage_Handler
 .text.BusFault_Handler
                0x000000000800231e        0x6 Core/Src/stm32f4xx_it.o
                0x000000000800231e                BusFault_Handler
 .text.UsageFault_Handler
                0x0000000008002324        0x6 Core/Src/stm32f4xx_it.o
                0x0000000008002324                UsageFault_Handler
 .text.SVC_Handler
                0x000000000800232a        0xe Core/Src/stm32f4xx_it.o
                0x000000000800232a                SVC_Handler
 .text.DebugMon_Handler
                0x0000000008002338        0xe Core/Src/stm32f4xx_it.o
                0x0000000008002338                DebugMon_Handler
 .text.PendSV_Handler
                0x0000000008002346        0xe Core/Src/stm32f4xx_it.o
                0x0000000008002346                PendSV_Handler
 .text.SysTick_Handler
                0x0000000008002354        0xe Core/Src/stm32f4xx_it.o
                0x0000000008002354                SysTick_Handler
 .text.EXTI2_IRQHandler
                0x0000000008002362        0xe Core/Src/stm32f4xx_it.o
                0x0000000008002362                EXTI2_IRQHandler
 .text.EXTI9_5_IRQHandler
                0x0000000008002370       0x16 Core/Src/stm32f4xx_it.o
                0x0000000008002370                EXTI9_5_IRQHandler
 .text.EXTI15_10_IRQHandler
                0x0000000008002386       0x10 Core/Src/stm32f4xx_it.o
                0x0000000008002386                EXTI15_10_IRQHandler
 *fill*         0x0000000008002396        0x2 
 .text.TIM8_UP_TIM13_IRQHandler
                0x0000000008002398       0x14 Core/Src/stm32f4xx_it.o
                0x0000000008002398                TIM8_UP_TIM13_IRQHandler
 .text.TIM6_DAC_IRQHandler
                0x00000000080023ac       0x14 Core/Src/stm32f4xx_it.o
                0x00000000080023ac                TIM6_DAC_IRQHandler
 .text.DMA2_Stream0_IRQHandler
                0x00000000080023c0       0x14 Core/Src/stm32f4xx_it.o
                0x00000000080023c0                DMA2_Stream0_IRQHandler
 .text.DMA2_Stream1_IRQHandler
                0x00000000080023d4       0x14 Core/Src/stm32f4xx_it.o
                0x00000000080023d4                DMA2_Stream1_IRQHandler
 .text.DMA2_Stream2_IRQHandler
                0x00000000080023e8       0x14 Core/Src/stm32f4xx_it.o
                0x00000000080023e8                DMA2_Stream2_IRQHandler
 .text.SystemInit
                0x00000000080023fc       0x2c Core/Src/system_stm32f4xx.o
                0x00000000080023fc                SystemInit
 .text.MX_TIM1_Init
                0x0000000008002428      0x108 Core/Src/tim.o
                0x0000000008002428                MX_TIM1_Init
 .text.MX_TIM2_Init
                0x0000000008002530       0xb0 Core/Src/tim.o
                0x0000000008002530                MX_TIM2_Init
 .text.MX_TIM3_Init
                0x00000000080025e0       0xb4 Core/Src/tim.o
                0x00000000080025e0                MX_TIM3_Init
 .text.MX_TIM4_Init
                0x0000000008002694       0xb4 Core/Src/tim.o
                0x0000000008002694                MX_TIM4_Init
 .text.MX_TIM5_Init
                0x0000000008002748       0xa8 Core/Src/tim.o
                0x0000000008002748                MX_TIM5_Init
 .text.MX_TIM8_Init
                0x00000000080027f0      0x100 Core/Src/tim.o
                0x00000000080027f0                MX_TIM8_Init
 .text.HAL_TIM_PWM_MspInit
                0x00000000080028f0       0xfc Core/Src/tim.o
                0x00000000080028f0                HAL_TIM_PWM_MspInit
 .text.HAL_TIM_Encoder_MspInit
                0x00000000080029ec       0x90 Core/Src/tim.o
                0x00000000080029ec                HAL_TIM_Encoder_MspInit
 .text.HAL_TIM_MspPostInit
                0x0000000008002a7c      0x158 Core/Src/tim.o
                0x0000000008002a7c                HAL_TIM_MspPostInit
 .text.Reset_Handler
                0x0000000008002bd4       0x50 Core/Startup/startup_stm32f405rgtx.o
                0x0000000008002bd4                Reset_Handler
 .text.Default_Handler
                0x0000000008002c24        0x2 Core/Startup/startup_stm32f405rgtx.o
                0x0000000008002c24                DMA1_Stream3_IRQHandler
                0x0000000008002c24                HASH_RNG_IRQHandler
                0x0000000008002c24                TIM8_CC_IRQHandler
                0x0000000008002c24                TIM1_CC_IRQHandler
                0x0000000008002c24                DMA2_Stream5_IRQHandler
                0x0000000008002c24                DMA1_Stream5_IRQHandler
                0x0000000008002c24                PVD_IRQHandler
                0x0000000008002c24                SDIO_IRQHandler
                0x0000000008002c24                TAMP_STAMP_IRQHandler
                0x0000000008002c24                CAN2_RX1_IRQHandler
                0x0000000008002c24                EXTI3_IRQHandler
                0x0000000008002c24                TIM8_TRG_COM_TIM14_IRQHandler
                0x0000000008002c24                TIM1_UP_TIM10_IRQHandler
                0x0000000008002c24                I2C3_ER_IRQHandler
                0x0000000008002c24                EXTI0_IRQHandler
                0x0000000008002c24                I2C2_EV_IRQHandler
                0x0000000008002c24                DMA1_Stream2_IRQHandler
                0x0000000008002c24                CAN1_RX0_IRQHandler
                0x0000000008002c24                FPU_IRQHandler
                0x0000000008002c24                OTG_HS_WKUP_IRQHandler
                0x0000000008002c24                CAN2_SCE_IRQHandler
                0x0000000008002c24                SPI1_IRQHandler
                0x0000000008002c24                TIM1_BRK_TIM9_IRQHandler
                0x0000000008002c24                CAN2_RX0_IRQHandler
                0x0000000008002c24                DMA2_Stream3_IRQHandler
                0x0000000008002c24                USART6_IRQHandler
                0x0000000008002c24                USART3_IRQHandler
                0x0000000008002c24                CAN1_RX1_IRQHandler
                0x0000000008002c24                UART5_IRQHandler
                0x0000000008002c24                TIM4_IRQHandler
                0x0000000008002c24                I2C1_EV_IRQHandler
                0x0000000008002c24                DMA1_Stream6_IRQHandler
                0x0000000008002c24                DMA1_Stream1_IRQHandler
                0x0000000008002c24                UART4_IRQHandler
                0x0000000008002c24                TIM3_IRQHandler
                0x0000000008002c24                RCC_IRQHandler
                0x0000000008002c24                TIM8_BRK_TIM12_IRQHandler
                0x0000000008002c24                Default_Handler
                0x0000000008002c24                ADC_IRQHandler
                0x0000000008002c24                DMA1_Stream7_IRQHandler
                0x0000000008002c24                TIM7_IRQHandler
                0x0000000008002c24                CAN2_TX_IRQHandler
                0x0000000008002c24                TIM5_IRQHandler
                0x0000000008002c24                DMA2_Stream7_IRQHandler
                0x0000000008002c24                I2C3_EV_IRQHandler
                0x0000000008002c24                RTC_WKUP_IRQHandler
                0x0000000008002c24                SPI2_IRQHandler
                0x0000000008002c24                OTG_HS_EP1_IN_IRQHandler
                0x0000000008002c24                DMA1_Stream0_IRQHandler
                0x0000000008002c24                CAN1_TX_IRQHandler
                0x0000000008002c24                EXTI4_IRQHandler
                0x0000000008002c24                FSMC_IRQHandler
                0x0000000008002c24                OTG_HS_EP1_OUT_IRQHandler
                0x0000000008002c24                WWDG_IRQHandler
                0x0000000008002c24                TIM2_IRQHandler
                0x0000000008002c24                OTG_FS_WKUP_IRQHandler
                0x0000000008002c24                TIM1_TRG_COM_TIM11_IRQHandler
                0x0000000008002c24                OTG_HS_IRQHandler
                0x0000000008002c24                EXTI1_IRQHandler
                0x0000000008002c24                USART2_IRQHandler
                0x0000000008002c24                I2C2_ER_IRQHandler
                0x0000000008002c24                CAN1_SCE_IRQHandler
                0x0000000008002c24                FLASH_IRQHandler
                0x0000000008002c24                DMA2_Stream4_IRQHandler
                0x0000000008002c24                USART1_IRQHandler
                0x0000000008002c24                OTG_FS_IRQHandler
                0x0000000008002c24                SPI3_IRQHandler
                0x0000000008002c24                DMA1_Stream4_IRQHandler
                0x0000000008002c24                I2C1_ER_IRQHandler
                0x0000000008002c24                DMA2_Stream6_IRQHandler
                0x0000000008002c24                RTC_Alarm_IRQHandler
 *fill*         0x0000000008002c26        0x2 
 .text.HAL_Init
                0x0000000008002c28       0x44 Drivers/STM32F4xx_HAL_Driver/Src/stm32f4xx_hal.o
                0x0000000008002c28                HAL_Init
 .text.HAL_IncTick
                0x0000000008002c6c       0x28 Drivers/STM32F4xx_HAL_Driver/Src/stm32f4xx_hal.o
                0x0000000008002c6c                HAL_IncTick
 .text.HAL_GetTick
                0x0000000008002c94       0x18 Drivers/STM32F4xx_HAL_Driver/Src/stm32f4xx_hal.o
                0x0000000008002c94                HAL_GetTick
 .text.HAL_ADC_Init
                0x0000000008002cac       0x86 Drivers/STM32F4xx_HAL_Driver/Src/stm32f4xx_hal_adc.o
                0x0000000008002cac                HAL_ADC_Init
 *fill*         0x0000000008002d32        0x2 
 .text.HAL_ADC_Start_DMA
                0x0000000008002d34      0x1e4 Drivers/STM32F4xx_HAL_Driver/Src/stm32f4xx_hal_adc.o
                0x0000000008002d34                HAL_ADC_Start_DMA
 .text.HAL_ADC_ConvCpltCallback
                0x0000000008002f18       0x14 Drivers/STM32F4xx_HAL_Driver/Src/stm32f4xx_hal_adc.o
                0x0000000008002f18                HAL_ADC_ConvCpltCallback
 .text.HAL_ADC_ConvHalfCpltCallback
                0x0000000008002f2c       0x14 Drivers/STM32F4xx_HAL_Driver/Src/stm32f4xx_hal_adc.o
                0x0000000008002f2c                HAL_ADC_ConvHalfCpltCallback
 .text.HAL_ADC_ErrorCallback
                0x0000000008002f40       0x14 Drivers/STM32F4xx_HAL_Driver/Src/stm32f4xx_hal_adc.o
                0x0000000008002f40                HAL_ADC_ErrorCallback
 .text.HAL_ADC_ConfigChannel
                0x0000000008002f54      0x244 Drivers/STM32F4xx_HAL_Driver/Src/stm32f4xx_hal_adc.o
                0x0000000008002f54                HAL_ADC_ConfigChannel
 .text.ADC_Init
                0x0000000008003198      0x1f8 Drivers/STM32F4xx_HAL_Driver/Src/stm32f4xx_hal_adc.o
 .text.ADC_DMAConvCplt
                0x0000000008003390       0xba Drivers/STM32F4xx_HAL_Driver/Src/stm32f4xx_hal_adc.o
 .text.ADC_DMAHalfConvCplt
                0x000000000800344a       0x1c Drivers/STM32F4xx_HAL_Driver/Src/stm32f4xx_hal_adc.o
 .text.ADC_DMAError
                0x0000000008003466       0x2e Drivers/STM32F4xx_HAL_Driver/Src/stm32f4xx_hal_adc.o
 .text.HAL_CAN_Init
                0x0000000008003494      0x1f6 Drivers/STM32F4xx_HAL_Driver/Src/stm32f4xx_hal_can.o
                0x0000000008003494                HAL_CAN_Init
 *fill*         0x000000000800368a        0x2 
 .text.__NVIC_SetPriorityGrouping
                0x000000000800368c       0x48 Drivers/STM32F4xx_HAL_Driver/Src/stm32f4xx_hal_cortex.o
 .text.__NVIC_GetPriorityGrouping
                0x00000000080036d4       0x1c Drivers/STM32F4xx_HAL_Driver/Src/stm32f4xx_hal_cortex.o
 .text.__NVIC_EnableIRQ
                0x00000000080036f0       0x3c Drivers/STM32F4xx_HAL_Driver/Src/stm32f4xx_hal_cortex.o
 .text.__NVIC_SetPriority
                0x000000000800372c       0x54 Drivers/STM32F4xx_HAL_Driver/Src/stm32f4xx_hal_cortex.o
 .text.NVIC_EncodePriority
                0x0000000008003780       0x66 Drivers/STM32F4xx_HAL_Driver/Src/stm32f4xx_hal_cortex.o
 .text.HAL_NVIC_SetPriorityGrouping
                0x00000000080037e6       0x16 Drivers/STM32F4xx_HAL_Driver/Src/stm32f4xx_hal_cortex.o
                0x00000000080037e6                HAL_NVIC_SetPriorityGrouping
 .text.HAL_NVIC_SetPriority
                0x00000000080037fc       0x38 Drivers/STM32F4xx_HAL_Driver/Src/stm32f4xx_hal_cortex.o
                0x00000000080037fc                HAL_NVIC_SetPriority
 .text.HAL_NVIC_EnableIRQ
                0x0000000008003834       0x1c Drivers/STM32F4xx_HAL_Driver/Src/stm32f4xx_hal_cortex.o
                0x0000000008003834                HAL_NVIC_EnableIRQ
 .text.HAL_DMA_Init
                0x0000000008003850      0x15c Drivers/STM32F4xx_HAL_Driver/Src/stm32f4xx_hal_dma.o
                0x0000000008003850                HAL_DMA_Init
 .text.HAL_DMA_Start_IT
                0x00000000080039ac       0xb0 Drivers/STM32F4xx_HAL_Driver/Src/stm32f4xx_hal_dma.o
                0x00000000080039ac                HAL_DMA_Start_IT
 .text.HAL_DMA_IRQHandler
                0x0000000008003a5c      0x314 Drivers/STM32F4xx_HAL_Driver/Src/stm32f4xx_hal_dma.o
                0x0000000008003a5c                HAL_DMA_IRQHandler
 .text.DMA_SetConfig
                0x0000000008003d70       0x5c Drivers/STM32F4xx_HAL_Driver/Src/stm32f4xx_hal_dma.o
 .text.DMA_CalcBaseAndBitshift
                0x0000000008003dcc       0x6c Drivers/STM32F4xx_HAL_Driver/Src/stm32f4xx_hal_dma.o
 .text.DMA_CheckFifoParam
                0x0000000008003e38       0xf4 Drivers/STM32F4xx_HAL_Driver/Src/stm32f4xx_hal_dma.o
 .text.HAL_GPIO_Init
                0x0000000008003f2c      0x334 Drivers/STM32F4xx_HAL_Driver/Src/stm32f4xx_hal_gpio.o
                0x0000000008003f2c                HAL_GPIO_Init
 .text.HAL_GPIO_ReadPin
                0x0000000008004260       0x30 Drivers/STM32F4xx_HAL_Driver/Src/stm32f4xx_hal_gpio.o
                0x0000000008004260                HAL_GPIO_ReadPin
 .text.HAL_GPIO_WritePin
                0x0000000008004290       0x32 Drivers/STM32F4xx_HAL_Driver/Src/stm32f4xx_hal_gpio.o
                0x0000000008004290                HAL_GPIO_WritePin
 *fill*         0x00000000080042c2        0x2 
 .text.HAL_GPIO_EXTI_IRQHandler
                0x00000000080042c4       0x30 Drivers/STM32F4xx_HAL_Driver/Src/stm32f4xx_hal_gpio.o
                0x00000000080042c4                HAL_GPIO_EXTI_IRQHandler
 .text.HAL_RCC_OscConfig
                0x00000000080042f4      0x4e0 Drivers/STM32F4xx_HAL_Driver/Src/stm32f4xx_hal_rcc.o
                0x00000000080042f4                HAL_RCC_OscConfig
 .text.HAL_RCC_ClockConfig
                0x00000000080047d4      0x1cc Drivers/STM32F4xx_HAL_Driver/Src/stm32f4xx_hal_rcc.o
                0x00000000080047d4                HAL_RCC_ClockConfig
 .text.HAL_RCC_GetSysClockFreq
                0x00000000080049a0      0x164 Drivers/STM32F4xx_HAL_Driver/Src/stm32f4xx_hal_rcc.o
                0x00000000080049a0                HAL_RCC_GetSysClockFreq
 .text.HAL_RCC_GetHCLKFreq
                0x0000000008004b04       0x18 Drivers/STM32F4xx_HAL_Driver/Src/stm32f4xx_hal_rcc.o
                0x0000000008004b04                HAL_RCC_GetHCLKFreq
 .text.HAL_RCC_GetPCLK1Freq
                0x0000000008004b1c       0x28 Drivers/STM32F4xx_HAL_Driver/Src/stm32f4xx_hal_rcc.o
                0x0000000008004b1c                HAL_RCC_GetPCLK1Freq
 .text.HAL_RCC_GetClockConfig
                0x0000000008004b44       0x64 Drivers/STM32F4xx_HAL_Driver/Src/stm32f4xx_hal_rcc.o
                0x0000000008004b44                HAL_RCC_GetClockConfig
 .text.HAL_TIM_Base_Init
                0x0000000008004ba8       0x56 Drivers/STM32F4xx_HAL_Driver/Src/stm32f4xx_hal_tim.o
                0x0000000008004ba8                HAL_TIM_Base_Init
 .text.HAL_TIM_Base_MspInit
                0x0000000008004bfe       0x14 Drivers/STM32F4xx_HAL_Driver/Src/stm32f4xx_hal_tim.o
                0x0000000008004bfe                HAL_TIM_Base_MspInit
 .text.HAL_TIM_Base_Start_IT
                0x0000000008004c12       0x48 Drivers/STM32F4xx_HAL_Driver/Src/stm32f4xx_hal_tim.o
                0x0000000008004c12                HAL_TIM_Base_Start_IT
 .text.HAL_TIM_PWM_Init
                0x0000000008004c5a       0x56 Drivers/STM32F4xx_HAL_Driver/Src/stm32f4xx_hal_tim.o
                0x0000000008004c5a                HAL_TIM_PWM_Init
 .text.HAL_TIM_PWM_Start
                0x0000000008004cb0       0x7c Drivers/STM32F4xx_HAL_Driver/Src/stm32f4xx_hal_tim.o
                0x0000000008004cb0                HAL_TIM_PWM_Start
 .text.HAL_TIM_Encoder_Init
                0x0000000008004d2c      0x124 Drivers/STM32F4xx_HAL_Driver/Src/stm32f4xx_hal_tim.o
                0x0000000008004d2c                HAL_TIM_Encoder_Init
 .text.HAL_TIM_Encoder_Start
                0x0000000008004e50       0x6e Drivers/STM32F4xx_HAL_Driver/Src/stm32f4xx_hal_tim.o
                0x0000000008004e50                HAL_TIM_Encoder_Start
 .text.HAL_TIM_IRQHandler
                0x0000000008004ebe      0x210 Drivers/STM32F4xx_HAL_Driver/Src/stm32f4xx_hal_tim.o
                0x0000000008004ebe                HAL_TIM_IRQHandler
 *fill*         0x00000000080050ce        0x2 
 .text.HAL_TIM_PWM_ConfigChannel
                0x00000000080050d0      0x18c Drivers/STM32F4xx_HAL_Driver/Src/stm32f4xx_hal_tim.o
                0x00000000080050d0                HAL_TIM_PWM_ConfigChannel
 .text.HAL_TIM_OC_DelayElapsedCallback
                0x000000000800525c       0x14 Drivers/STM32F4xx_HAL_Driver/Src/stm32f4xx_hal_tim.o
                0x000000000800525c                HAL_TIM_OC_DelayElapsedCallback
 .text.HAL_TIM_IC_CaptureCallback
                0x0000000008005270       0x14 Drivers/STM32F4xx_HAL_Driver/Src/stm32f4xx_hal_tim.o
                0x0000000008005270                HAL_TIM_IC_CaptureCallback
 .text.HAL_TIM_PWM_PulseFinishedCallback
                0x0000000008005284       0x14 Drivers/STM32F4xx_HAL_Driver/Src/stm32f4xx_hal_tim.o
                0x0000000008005284                HAL_TIM_PWM_PulseFinishedCallback
 .text.HAL_TIM_TriggerCallback
                0x0000000008005298       0x14 Drivers/STM32F4xx_HAL_Driver/Src/stm32f4xx_hal_tim.o
                0x0000000008005298                HAL_TIM_TriggerCallback
 .text.TIM_Base_SetConfig
                0x00000000080052ac      0x140 Drivers/STM32F4xx_HAL_Driver/Src/stm32f4xx_hal_tim.o
                0x00000000080052ac                TIM_Base_SetConfig
 .text.TIM_OC1_SetConfig
                0x00000000080053ec       0xe0 Drivers/STM32F4xx_HAL_Driver/Src/stm32f4xx_hal_tim.o
 .text.TIM_OC2_SetConfig
                0x00000000080054cc       0xec Drivers/STM32F4xx_HAL_Driver/Src/stm32f4xx_hal_tim.o
                0x00000000080054cc                TIM_OC2_SetConfig
 .text.TIM_OC3_SetConfig
                0x00000000080055b8       0xe8 Drivers/STM32F4xx_HAL_Driver/Src/stm32f4xx_hal_tim.o
 .text.TIM_OC4_SetConfig
                0x00000000080056a0       0xac Drivers/STM32F4xx_HAL_Driver/Src/stm32f4xx_hal_tim.o
 .text.TIM_CCxChannelCmd
                0x000000000800574c       0x4a Drivers/STM32F4xx_HAL_Driver/Src/stm32f4xx_hal_tim.o
                0x000000000800574c                TIM_CCxChannelCmd
 *fill*         0x0000000008005796        0x2 
 .text.HAL_TIMEx_MasterConfigSynchronization
                0x0000000008005798       0xf8 Drivers/STM32F4xx_HAL_Driver/Src/stm32f4xx_hal_tim_ex.o
                0x0000000008005798                HAL_TIMEx_MasterConfigSynchronization
 .text.HAL_TIMEx_ConfigBreakDeadTime
                0x0000000008005890       0xa4 Drivers/STM32F4xx_HAL_Driver/Src/stm32f4xx_hal_tim_ex.o
                0x0000000008005890                HAL_TIMEx_ConfigBreakDeadTime
 .text.HAL_TIMEx_CommutCallback
                0x0000000008005934       0x14 Drivers/STM32F4xx_HAL_Driver/Src/stm32f4xx_hal_tim_ex.o
                0x0000000008005934                HAL_TIMEx_CommutCallback
 .text.HAL_TIMEx_BreakCallback
                0x0000000008005948       0x14 Drivers/STM32F4xx_HAL_Driver/Src/stm32f4xx_hal_tim_ex.o
                0x0000000008005948                HAL_TIMEx_BreakCallback
 .text.__libc_init_array
                0x000000000800595c       0x48 /Applications/STM32CubeIDE.app/Contents/Eclipse/plugins/com.st.stm32cube.ide.mcu.externaltools.gnu-tools-for-stm32.7-2018-q2-update.macos64_1.4.0.202007081208/tools/bin/../lib/gcc/arm-none-eabi/7.3.1/../../../../arm-none-eabi/lib/thumb/v7e-m/fpv4-sp/hard/libc_nano.a(lib_a-init.o)
                0x000000000800595c                __libc_init_array
 .text.memset   0x00000000080059a4       0x10 /Applications/STM32CubeIDE.app/Contents/Eclipse/plugins/com.st.stm32cube.ide.mcu.externaltools.gnu-tools-for-stm32.7-2018-q2-update.macos64_1.4.0.202007081208/tools/bin/../lib/gcc/arm-none-eabi/7.3.1/../../../../arm-none-eabi/lib/thumb/v7e-m/fpv4-sp/hard/libc_nano.a(lib_a-memset.o)
                0x00000000080059a4                memset
 *fill*         0x00000000080059b4        0x4 
 .text.cos      0x00000000080059b8       0x88 /Applications/STM32CubeIDE.app/Contents/Eclipse/plugins/com.st.stm32cube.ide.mcu.externaltools.gnu-tools-for-stm32.7-2018-q2-update.macos64_1.4.0.202007081208/tools/bin/../lib/gcc/arm-none-eabi/7.3.1/../../../../arm-none-eabi/lib/thumb/v7e-m/fpv4-sp/hard/libm.a(lib_a-s_cos.o)
                0x00000000080059b8                cos
 .text.sin      0x0000000008005a40       0x90 /Applications/STM32CubeIDE.app/Contents/Eclipse/plugins/com.st.stm32cube.ide.mcu.externaltools.gnu-tools-for-stm32.7-2018-q2-update.macos64_1.4.0.202007081208/tools/bin/../lib/gcc/arm-none-eabi/7.3.1/../../../../arm-none-eabi/lib/thumb/v7e-m/fpv4-sp/hard/libm.a(lib_a-s_sin.o)
                0x0000000008005a40                sin
 .text.__ieee754_rem_pio2
                0x0000000008005ad0      0x3e4 /Applications/STM32CubeIDE.app/Contents/Eclipse/plugins/com.st.stm32cube.ide.mcu.externaltools.gnu-tools-for-stm32.7-2018-q2-update.macos64_1.4.0.202007081208/tools/bin/../lib/gcc/arm-none-eabi/7.3.1/../../../../arm-none-eabi/lib/thumb/v7e-m/fpv4-sp/hard/libm.a(lib_a-e_rem_pio2.o)
                0x0000000008005ad0                __ieee754_rem_pio2
 *fill*         0x0000000008005eb4        0x4 
 .text.__kernel_cos
                0x0000000008005eb8      0x18c /Applications/STM32CubeIDE.app/Contents/Eclipse/plugins/com.st.stm32cube.ide.mcu.externaltools.gnu-tools-for-stm32.7-2018-q2-update.macos64_1.4.0.202007081208/tools/bin/../lib/gcc/arm-none-eabi/7.3.1/../../../../arm-none-eabi/lib/thumb/v7e-m/fpv4-sp/hard/libm.a(lib_a-k_cos.o)
                0x0000000008005eb8                __kernel_cos
 *fill*         0x0000000008006044        0x4 
 .text.__kernel_rem_pio2
                0x0000000008006048      0x680 /Applications/STM32CubeIDE.app/Contents/Eclipse/plugins/com.st.stm32cube.ide.mcu.externaltools.gnu-tools-for-stm32.7-2018-q2-update.macos64_1.4.0.202007081208/tools/bin/../lib/gcc/arm-none-eabi/7.3.1/../../../../arm-none-eabi/lib/thumb/v7e-m/fpv4-sp/hard/libm.a(lib_a-k_rem_pio2.o)
                0x0000000008006048                __kernel_rem_pio2
 .text.__kernel_sin
                0x00000000080066c8      0x174 /Applications/STM32CubeIDE.app/Contents/Eclipse/plugins/com.st.stm32cube.ide.mcu.externaltools.gnu-tools-for-stm32.7-2018-q2-update.macos64_1.4.0.202007081208/tools/bin/../lib/gcc/arm-none-eabi/7.3.1/../../../../arm-none-eabi/lib/thumb/v7e-m/fpv4-sp/hard/libm.a(lib_a-k_sin.o)
                0x00000000080066c8                __kernel_sin
 .text.fabs     0x000000000800683c       0x12 /Applications/STM32CubeIDE.app/Contents/Eclipse/plugins/com.st.stm32cube.ide.mcu.externaltools.gnu-tools-for-stm32.7-2018-q2-update.macos64_1.4.0.202007081208/tools/bin/../lib/gcc/arm-none-eabi/7.3.1/../../../../arm-none-eabi/lib/thumb/v7e-m/fpv4-sp/hard/libm.a(lib_a-s_fabs.o)
                0x000000000800683c                fabs
 *fill*         0x000000000800684e        0x2 
 .text.floor    0x0000000008006850      0x108 /Applications/STM32CubeIDE.app/Contents/Eclipse/plugins/com.st.stm32cube.ide.mcu.externaltools.gnu-tools-for-stm32.7-2018-q2-update.macos64_1.4.0.202007081208/tools/bin/../lib/gcc/arm-none-eabi/7.3.1/../../../../arm-none-eabi/lib/thumb/v7e-m/fpv4-sp/hard/libm.a(lib_a-s_floor.o)
                0x0000000008006850                floor
 .text.scalbn   0x0000000008006958       0xec /Applications/STM32CubeIDE.app/Contents/Eclipse/plugins/com.st.stm32cube.ide.mcu.externaltools.gnu-tools-for-stm32.7-2018-q2-update.macos64_1.4.0.202007081208/tools/bin/../lib/gcc/arm-none-eabi/7.3.1/../../../../arm-none-eabi/lib/thumb/v7e-m/fpv4-sp/hard/libm.a(lib_a-s_scalbn.o)
                0x0000000008006958                scalbn
 .text.copysign
                0x0000000008006a44       0x1e /Applications/STM32CubeIDE.app/Contents/Eclipse/plugins/com.st.stm32cube.ide.mcu.externaltools.gnu-tools-for-stm32.7-2018-q2-update.macos64_1.4.0.202007081208/tools/bin/../lib/gcc/arm-none-eabi/7.3.1/../../../../arm-none-eabi/lib/thumb/v7e-m/fpv4-sp/hard/libm.a(lib_a-s_copysign.o)
                0x0000000008006a44                copysign
 *(.glue_7)
 .glue_7        0x0000000008006a62        0x0 linker stubs
 *(.glue_7t)
 .glue_7t       0x0000000008006a62        0x0 linker stubs
 *(.eh_frame)
 *fill*         0x0000000008006a62        0x2 
 .eh_frame      0x0000000008006a64        0x0 /Applications/STM32CubeIDE.app/Contents/Eclipse/plugins/com.st.stm32cube.ide.mcu.externaltools.gnu-tools-for-stm32.7-2018-q2-update.macos64_1.4.0.202007081208/tools/bin/../lib/gcc/arm-none-eabi/7.3.1/thumb/v7e-m/fpv4-sp/hard/crtbegin.o
 *(.init)
 .init          0x0000000008006a64        0x4 /Applications/STM32CubeIDE.app/Contents/Eclipse/plugins/com.st.stm32cube.ide.mcu.externaltools.gnu-tools-for-stm32.7-2018-q2-update.macos64_1.4.0.202007081208/tools/bin/../lib/gcc/arm-none-eabi/7.3.1/thumb/v7e-m/fpv4-sp/hard/crti.o
                0x0000000008006a64                _init
 .init          0x0000000008006a68        0x8 /Applications/STM32CubeIDE.app/Contents/Eclipse/plugins/com.st.stm32cube.ide.mcu.externaltools.gnu-tools-for-stm32.7-2018-q2-update.macos64_1.4.0.202007081208/tools/bin/../lib/gcc/arm-none-eabi/7.3.1/thumb/v7e-m/fpv4-sp/hard/crtn.o
 *(.fini)
 .fini          0x0000000008006a70        0x4 /Applications/STM32CubeIDE.app/Contents/Eclipse/plugins/com.st.stm32cube.ide.mcu.externaltools.gnu-tools-for-stm32.7-2018-q2-update.macos64_1.4.0.202007081208/tools/bin/../lib/gcc/arm-none-eabi/7.3.1/thumb/v7e-m/fpv4-sp/hard/crti.o
                0x0000000008006a70                _fini
 .fini          0x0000000008006a74        0x8 /Applications/STM32CubeIDE.app/Contents/Eclipse/plugins/com.st.stm32cube.ide.mcu.externaltools.gnu-tools-for-stm32.7-2018-q2-update.macos64_1.4.0.202007081208/tools/bin/../lib/gcc/arm-none-eabi/7.3.1/thumb/v7e-m/fpv4-sp/hard/crtn.o
                0x0000000008006a7c                . = ALIGN (0x4)
                0x0000000008006a7c                _etext = .

.vfp11_veneer   0x0000000008006a7c        0x0
 .vfp11_veneer  0x0000000008006a7c        0x0 linker stubs

.v4_bx          0x0000000008006a7c        0x0
 .v4_bx         0x0000000008006a7c        0x0 linker stubs

.iplt           0x0000000008006a7c        0x0
 .iplt          0x0000000008006a7c        0x0 /Applications/STM32CubeIDE.app/Contents/Eclipse/plugins/com.st.stm32cube.ide.mcu.externaltools.gnu-tools-for-stm32.7-2018-q2-update.macos64_1.4.0.202007081208/tools/bin/../lib/gcc/arm-none-eabi/7.3.1/thumb/v7e-m/fpv4-sp/hard/crtbegin.o

.rodata         0x0000000008006a80      0x1f8
                0x0000000008006a80                . = ALIGN (0x4)
 *(.rodata)
 *(.rodata*)
 .rodata.AHBPrescTable
                0x0000000008006a80       0x10 Core/Src/system_stm32f4xx.o
                0x0000000008006a80                AHBPrescTable
 .rodata.APBPrescTable
                0x0000000008006a90        0x8 Core/Src/system_stm32f4xx.o
                0x0000000008006a90                APBPrescTable
 .rodata.flagBitshiftOffset.8181
                0x0000000008006a98        0x8 Drivers/STM32F4xx_HAL_Driver/Src/stm32f4xx_hal_dma.o
 .rodata.npio2_hw
                0x0000000008006aa0       0x80 /Applications/STM32CubeIDE.app/Contents/Eclipse/plugins/com.st.stm32cube.ide.mcu.externaltools.gnu-tools-for-stm32.7-2018-q2-update.macos64_1.4.0.202007081208/tools/bin/../lib/gcc/arm-none-eabi/7.3.1/../../../../arm-none-eabi/lib/thumb/v7e-m/fpv4-sp/hard/libm.a(lib_a-e_rem_pio2.o)
 .rodata.two_over_pi
                0x0000000008006b20      0x108 /Applications/STM32CubeIDE.app/Contents/Eclipse/plugins/com.st.stm32cube.ide.mcu.externaltools.gnu-tools-for-stm32.7-2018-q2-update.macos64_1.4.0.202007081208/tools/bin/../lib/gcc/arm-none-eabi/7.3.1/../../../../arm-none-eabi/lib/thumb/v7e-m/fpv4-sp/hard/libm.a(lib_a-e_rem_pio2.o)
 .rodata.PIo2   0x0000000008006c28       0x40 /Applications/STM32CubeIDE.app/Contents/Eclipse/plugins/com.st.stm32cube.ide.mcu.externaltools.gnu-tools-for-stm32.7-2018-q2-update.macos64_1.4.0.202007081208/tools/bin/../lib/gcc/arm-none-eabi/7.3.1/../../../../arm-none-eabi/lib/thumb/v7e-m/fpv4-sp/hard/libm.a(lib_a-k_rem_pio2.o)
 .rodata.init_jk
                0x0000000008006c68       0x10 /Applications/STM32CubeIDE.app/Contents/Eclipse/plugins/com.st.stm32cube.ide.mcu.externaltools.gnu-tools-for-stm32.7-2018-q2-update.macos64_1.4.0.202007081208/tools/bin/../lib/gcc/arm-none-eabi/7.3.1/../../../../arm-none-eabi/lib/thumb/v7e-m/fpv4-sp/hard/libm.a(lib_a-k_rem_pio2.o)
                0x0000000008006c78                . = ALIGN (0x4)

.ARM.extab      0x0000000008006c78        0x0
                0x0000000008006c78                . = ALIGN (0x4)
 *(.ARM.extab* .gnu.linkonce.armextab.*)
                0x0000000008006c78                . = ALIGN (0x4)

.ARM            0x0000000008006c78        0x8
                0x0000000008006c78                . = ALIGN (0x4)
                0x0000000008006c78                __exidx_start = .
 *(.ARM.exidx*)
 .ARM.exidx     0x0000000008006c78        0x8 /Applications/STM32CubeIDE.app/Contents/Eclipse/plugins/com.st.stm32cube.ide.mcu.externaltools.gnu-tools-for-stm32.7-2018-q2-update.macos64_1.4.0.202007081208/tools/bin/../lib/gcc/arm-none-eabi/7.3.1/thumb/v7e-m/fpv4-sp/hard/libgcc.a(_udivmoddi4.o)
                0x0000000008006c80                __exidx_end = .
                0x0000000008006c80                . = ALIGN (0x4)

.rel.dyn        0x0000000008006c80        0x0
 .rel.iplt      0x0000000008006c80        0x0 /Applications/STM32CubeIDE.app/Contents/Eclipse/plugins/com.st.stm32cube.ide.mcu.externaltools.gnu-tools-for-stm32.7-2018-q2-update.macos64_1.4.0.202007081208/tools/bin/../lib/gcc/arm-none-eabi/7.3.1/thumb/v7e-m/fpv4-sp/hard/crtbegin.o

.preinit_array  0x0000000008006c80        0x0
                0x0000000008006c80                . = ALIGN (0x4)
                0x0000000008006c80                PROVIDE (__preinit_array_start = .)
 *(.preinit_array*)
                0x0000000008006c80                PROVIDE (__preinit_array_end = .)
                0x0000000008006c80                . = ALIGN (0x4)

.init_array     0x0000000008006c80        0x4
                0x0000000008006c80                . = ALIGN (0x4)
                0x0000000008006c80                PROVIDE (__init_array_start = .)
 *(SORT_BY_NAME(.init_array.*))
 *(.init_array*)
 .init_array    0x0000000008006c80        0x4 /Applications/STM32CubeIDE.app/Contents/Eclipse/plugins/com.st.stm32cube.ide.mcu.externaltools.gnu-tools-for-stm32.7-2018-q2-update.macos64_1.4.0.202007081208/tools/bin/../lib/gcc/arm-none-eabi/7.3.1/thumb/v7e-m/fpv4-sp/hard/crtbegin.o
                0x0000000008006c84                PROVIDE (__init_array_end = .)
                0x0000000008006c84                . = ALIGN (0x4)

.fini_array     0x0000000008006c84        0x4
                0x0000000008006c84                . = ALIGN (0x4)
                [!provide]                        PROVIDE (__fini_array_start = .)
 *(SORT_BY_NAME(.fini_array.*))
 *(.fini_array*)
 .fini_array    0x0000000008006c84        0x4 /Applications/STM32CubeIDE.app/Contents/Eclipse/plugins/com.st.stm32cube.ide.mcu.externaltools.gnu-tools-for-stm32.7-2018-q2-update.macos64_1.4.0.202007081208/tools/bin/../lib/gcc/arm-none-eabi/7.3.1/thumb/v7e-m/fpv4-sp/hard/crtbegin.o
                [!provide]                        PROVIDE (__fini_array_end = .)
                0x0000000008006c88                . = ALIGN (0x4)
                0x0000000008006c88                _sidata = LOADADDR (.data)

.data           0x0000000020000000        0xc load address 0x0000000008006c88
                0x0000000020000000                . = ALIGN (0x4)
                0x0000000020000000                _sdata = .
 *(.data)
 *(.data*)
 .data.SystemCoreClock
                0x0000000020000000        0x4 Core/Src/system_stm32f4xx.o
                0x0000000020000000                SystemCoreClock
 .data.uwTickPrio
                0x0000000020000004        0x4 Drivers/STM32F4xx_HAL_Driver/Src/stm32f4xx_hal.o
                0x0000000020000004                uwTickPrio
 .data.uwTickFreq
                0x0000000020000008        0x1 Drivers/STM32F4xx_HAL_Driver/Src/stm32f4xx_hal.o
                0x0000000020000008                uwTickFreq
                0x000000002000000c                . = ALIGN (0x4)
 *fill*         0x0000000020000009        0x3 
                0x000000002000000c                _edata = .

.igot.plt       0x000000002000000c        0x0 load address 0x0000000008006c94
 .igot.plt      0x000000002000000c        0x0 /Applications/STM32CubeIDE.app/Contents/Eclipse/plugins/com.st.stm32cube.ide.mcu.externaltools.gnu-tools-for-stm32.7-2018-q2-update.macos64_1.4.0.202007081208/tools/bin/../lib/gcc/arm-none-eabi/7.3.1/thumb/v7e-m/fpv4-sp/hard/crtbegin.o
                0x000000002000000c                . = ALIGN (0x4)

.bss            0x0000000020000010     0x44c0 load address 0x0000000008006c94
                0x0000000020000010                _sbss = .
                0x0000000020000010                __bss_start__ = _sbss
 *(.bss)
 .bss           0x0000000020000010       0x1c /Applications/STM32CubeIDE.app/Contents/Eclipse/plugins/com.st.stm32cube.ide.mcu.externaltools.gnu-tools-for-stm32.7-2018-q2-update.macos64_1.4.0.202007081208/tools/bin/../lib/gcc/arm-none-eabi/7.3.1/thumb/v7e-m/fpv4-sp/hard/crtbegin.o
 *(.bss*)
 .bss.targetPos
                0x000000002000002c        0x4 Core/Src/main.o
                0x000000002000002c                targetPos
 .bss.encoderPosition
                0x0000000020000030        0x4 Core/Src/main.o
                0x0000000020000030                encoderPosition
 .bss.lastEncoderPosition
                0x0000000020000034        0x4 Core/Src/main.o
                0x0000000020000034                lastEncoderPosition
 .bss.targetSpeed
                0x0000000020000038        0x8 Core/Src/main.o
                0x0000000020000038                targetSpeed
 .bss.encoderSpeed
                0x0000000020000040        0x8 Core/Src/main.o
                0x0000000020000040                encoderSpeed
 .bss.busVoltage
                0x0000000020000048        0x4 Core/Src/main.o
                0x0000000020000048                busVoltage
 .bss.lastCycleTick
                0x000000002000004c        0x4 Core/Src/main.o
                0x000000002000004c                lastCycleTick
 .bss.lastLEDTick
                0x0000000020000050        0x4 Core/Src/main.o
                0x0000000020000050                lastLEDTick
 *fill*         0x0000000020000054        0x4 
 .bss.waveFormCounter
                0x0000000020000058        0x8 Core/Src/main.o
                0x0000000020000058                waveFormCounter
 .bss.CURRENT_FAULT
                0x0000000020000060        0x4 Core/Src/main.o
                0x0000000020000060                CURRENT_FAULT
 .bss.VOLTAGE_FAULT
                0x0000000020000064        0x4 Core/Src/main.o
                0x0000000020000064                VOLTAGE_FAULT
 .bss.TEMP_FAULT
                0x0000000020000068        0x4 Core/Src/main.o
                0x0000000020000068                TEMP_FAULT
 .bss.BRAKE_MON
                0x000000002000006c        0x4 Core/Src/main.o
                0x000000002000006c                BRAKE_MON
 .bss.ERROR_FLAG
                0x0000000020000070        0x4 Core/Src/main.o
                0x0000000020000070                ERROR_FLAG
 .bss.STO_IN    0x0000000020000074        0x4 Core/Src/main.o
                0x0000000020000074                STO_IN
 .bss.LED_FLAG  0x0000000020000078        0x4 Core/Src/main.o
                0x0000000020000078                LED_FLAG
 *(COMMON)
 COMMON         0x000000002000007c      0x1f8 Core/Src/adc.o
                0x000000002000007c                hadc2
                0x00000000200000c4                hdma_adc3
                0x0000000020000124                hadc1
                0x000000002000016c                hadc3
                0x00000000200001b4                hdma_adc1
                0x0000000020000214                hdma_adc2
 COMMON         0x0000000020000274       0x28 Core/Src/can.o
                0x0000000020000274                hcan1
 *fill*         0x000000002000029c        0x4 
 COMMON         0x00000000200002a0     0x406a Core/Src/main.o
                0x00000000200002a0                targetVoltage
                0x00000000200002c0                currentError
                0x00000000200002c8                sinLookup
                0x00000000200022c8                pwmPulse
                0x00000000200022d8                current
                0x00000000200022e0                targetCurrent
                0x00000000200022e8                cosLookup
                0x00000000200042e8                ADC2Buffer
                0x00000000200042f0                outputSignal
                0x0000000020004300                ADC3Buffer
                0x0000000020004304                ADC1Buffer
 *fill*         0x000000002000430a        0x2 
 COMMON         0x000000002000430c       0x40 Core/Src/stm32f4xx_hal_timebase_tim.o
                0x000000002000430c                htim6
 COMMON         0x000000002000434c      0x180 Core/Src/tim.o
                0x000000002000434c                htim8
                0x000000002000438c                htim4
                0x00000000200043cc                htim5
                0x000000002000440c                htim3
                0x000000002000444c                htim1
                0x000000002000448c                htim2
 COMMON         0x00000000200044cc        0x4 Drivers/STM32F4xx_HAL_Driver/Src/stm32f4xx_hal.o
                0x00000000200044cc                uwTick
                0x00000000200044d0                . = ALIGN (0x4)
                0x00000000200044d0                _ebss = .
                0x00000000200044d0                __bss_end__ = _ebss

._user_heap_stack
                0x00000000200044d0      0x600 load address 0x0000000008006c94
                0x00000000200044d0                . = ALIGN (0x8)
                [!provide]                        PROVIDE (end = .)
                0x00000000200044d0                PROVIDE (_end = .)
                0x00000000200046d0                . = (. + _Min_Heap_Size)
 *fill*         0x00000000200044d0      0x200 
                0x0000000020004ad0                . = (. + _Min_Stack_Size)
 *fill*         0x00000000200046d0      0x400 
                0x0000000020004ad0                . = ALIGN (0x8)

/DISCARD/
 libc.a(*)
 libm.a(*)
 libgcc.a(*)

.ARM.attributes
                0x0000000000000000       0x30
 *(.ARM.attributes)
 .ARM.attributes
                0x0000000000000000       0x22 /Applications/STM32CubeIDE.app/Contents/Eclipse/plugins/com.st.stm32cube.ide.mcu.externaltools.gnu-tools-for-stm32.7-2018-q2-update.macos64_1.4.0.202007081208/tools/bin/../lib/gcc/arm-none-eabi/7.3.1/thumb/v7e-m/fpv4-sp/hard/crti.o
 .ARM.attributes
                0x0000000000000022       0x34 /Applications/STM32CubeIDE.app/Contents/Eclipse/plugins/com.st.stm32cube.ide.mcu.externaltools.gnu-tools-for-stm32.7-2018-q2-update.macos64_1.4.0.202007081208/tools/bin/../lib/gcc/arm-none-eabi/7.3.1/thumb/v7e-m/fpv4-sp/hard/crtbegin.o
 .ARM.attributes
                0x0000000000000056       0x39 Core/Src/adc.o
 .ARM.attributes
                0x000000000000008f       0x39 Core/Src/can.o
 .ARM.attributes
                0x00000000000000c8       0x39 Core/Src/dma.o
 .ARM.attributes
                0x0000000000000101       0x39 Core/Src/gpio.o
 .ARM.attributes
                0x000000000000013a       0x39 Core/Src/main.o
 .ARM.attributes
                0x0000000000000173       0x39 Core/Src/stm32f4xx_hal_msp.o
 .ARM.attributes
                0x00000000000001ac       0x39 Core/Src/stm32f4xx_hal_timebase_tim.o
 .ARM.attributes
                0x00000000000001e5       0x39 Core/Src/stm32f4xx_it.o
 .ARM.attributes
                0x000000000000021e       0x39 Core/Src/system_stm32f4xx.o
 .ARM.attributes
                0x0000000000000257       0x39 Core/Src/tim.o
 .ARM.attributes
                0x0000000000000290       0x21 Core/Startup/startup_stm32f405rgtx.o
 .ARM.attributes
                0x00000000000002b1       0x39 Drivers/STM32F4xx_HAL_Driver/Src/stm32f4xx_hal.o
 .ARM.attributes
                0x00000000000002ea       0x39 Drivers/STM32F4xx_HAL_Driver/Src/stm32f4xx_hal_adc.o
 .ARM.attributes
                0x0000000000000323       0x39 Drivers/STM32F4xx_HAL_Driver/Src/stm32f4xx_hal_can.o
 .ARM.attributes
                0x000000000000035c       0x39 Drivers/STM32F4xx_HAL_Driver/Src/stm32f4xx_hal_cortex.o
 .ARM.attributes
                0x0000000000000395       0x39 Drivers/STM32F4xx_HAL_Driver/Src/stm32f4xx_hal_dma.o
 .ARM.attributes
                0x00000000000003ce       0x39 Drivers/STM32F4xx_HAL_Driver/Src/stm32f4xx_hal_gpio.o
 .ARM.attributes
                0x0000000000000407       0x39 Drivers/STM32F4xx_HAL_Driver/Src/stm32f4xx_hal_rcc.o
 .ARM.attributes
                0x0000000000000440       0x39 Drivers/STM32F4xx_HAL_Driver/Src/stm32f4xx_hal_tim.o
 .ARM.attributes
                0x0000000000000479       0x39 Drivers/STM32F4xx_HAL_Driver/Src/stm32f4xx_hal_tim_ex.o
 .ARM.attributes
                0x00000000000004b2       0x34 /Applications/STM32CubeIDE.app/Contents/Eclipse/plugins/com.st.stm32cube.ide.mcu.externaltools.gnu-tools-for-stm32.7-2018-q2-update.macos64_1.4.0.202007081208/tools/bin/../lib/gcc/arm-none-eabi/7.3.1/../../../../arm-none-eabi/lib/thumb/v7e-m/fpv4-sp/hard/libc_nano.a(lib_a-init.o)
 .ARM.attributes
                0x00000000000004e6       0x34 /Applications/STM32CubeIDE.app/Contents/Eclipse/plugins/com.st.stm32cube.ide.mcu.externaltools.gnu-tools-for-stm32.7-2018-q2-update.macos64_1.4.0.202007081208/tools/bin/../lib/gcc/arm-none-eabi/7.3.1/../../../../arm-none-eabi/lib/thumb/v7e-m/fpv4-sp/hard/libc_nano.a(lib_a-memset.o)
 .ARM.attributes
                0x000000000000051a       0x34 /Applications/STM32CubeIDE.app/Contents/Eclipse/plugins/com.st.stm32cube.ide.mcu.externaltools.gnu-tools-for-stm32.7-2018-q2-update.macos64_1.4.0.202007081208/tools/bin/../lib/gcc/arm-none-eabi/7.3.1/../../../../arm-none-eabi/lib/thumb/v7e-m/fpv4-sp/hard/libm.a(lib_a-s_cos.o)
 .ARM.attributes
                0x000000000000054e       0x34 /Applications/STM32CubeIDE.app/Contents/Eclipse/plugins/com.st.stm32cube.ide.mcu.externaltools.gnu-tools-for-stm32.7-2018-q2-update.macos64_1.4.0.202007081208/tools/bin/../lib/gcc/arm-none-eabi/7.3.1/../../../../arm-none-eabi/lib/thumb/v7e-m/fpv4-sp/hard/libm.a(lib_a-s_sin.o)
 .ARM.attributes
                0x0000000000000582       0x34 /Applications/STM32CubeIDE.app/Contents/Eclipse/plugins/com.st.stm32cube.ide.mcu.externaltools.gnu-tools-for-stm32.7-2018-q2-update.macos64_1.4.0.202007081208/tools/bin/../lib/gcc/arm-none-eabi/7.3.1/../../../../arm-none-eabi/lib/thumb/v7e-m/fpv4-sp/hard/libm.a(lib_a-e_rem_pio2.o)
 .ARM.attributes
                0x00000000000005b6       0x34 /Applications/STM32CubeIDE.app/Contents/Eclipse/plugins/com.st.stm32cube.ide.mcu.externaltools.gnu-tools-for-stm32.7-2018-q2-update.macos64_1.4.0.202007081208/tools/bin/../lib/gcc/arm-none-eabi/7.3.1/../../../../arm-none-eabi/lib/thumb/v7e-m/fpv4-sp/hard/libm.a(lib_a-k_cos.o)
 .ARM.attributes
                0x00000000000005ea       0x34 /Applications/STM32CubeIDE.app/Contents/Eclipse/plugins/com.st.stm32cube.ide.mcu.externaltools.gnu-tools-for-stm32.7-2018-q2-update.macos64_1.4.0.202007081208/tools/bin/../lib/gcc/arm-none-eabi/7.3.1/../../../../arm-none-eabi/lib/thumb/v7e-m/fpv4-sp/hard/libm.a(lib_a-k_rem_pio2.o)
 .ARM.attributes
                0x000000000000061e       0x34 /Applications/STM32CubeIDE.app/Contents/Eclipse/plugins/com.st.stm32cube.ide.mcu.externaltools.gnu-tools-for-stm32.7-2018-q2-update.macos64_1.4.0.202007081208/tools/bin/../lib/gcc/arm-none-eabi/7.3.1/../../../../arm-none-eabi/lib/thumb/v7e-m/fpv4-sp/hard/libm.a(lib_a-k_sin.o)
 .ARM.attributes
                0x0000000000000652       0x34 /Applications/STM32CubeIDE.app/Contents/Eclipse/plugins/com.st.stm32cube.ide.mcu.externaltools.gnu-tools-for-stm32.7-2018-q2-update.macos64_1.4.0.202007081208/tools/bin/../lib/gcc/arm-none-eabi/7.3.1/../../../../arm-none-eabi/lib/thumb/v7e-m/fpv4-sp/hard/libm.a(lib_a-s_fabs.o)
 .ARM.attributes
                0x0000000000000686       0x34 /Applications/STM32CubeIDE.app/Contents/Eclipse/plugins/com.st.stm32cube.ide.mcu.externaltools.gnu-tools-for-stm32.7-2018-q2-update.macos64_1.4.0.202007081208/tools/bin/../lib/gcc/arm-none-eabi/7.3.1/../../../../arm-none-eabi/lib/thumb/v7e-m/fpv4-sp/hard/libm.a(lib_a-s_floor.o)
 .ARM.attributes
                0x00000000000006ba       0x34 /Applications/STM32CubeIDE.app/Contents/Eclipse/plugins/com.st.stm32cube.ide.mcu.externaltools.gnu-tools-for-stm32.7-2018-q2-update.macos64_1.4.0.202007081208/tools/bin/../lib/gcc/arm-none-eabi/7.3.1/../../../../arm-none-eabi/lib/thumb/v7e-m/fpv4-sp/hard/libm.a(lib_a-s_scalbn.o)
 .ARM.attributes
                0x00000000000006ee       0x34 /Applications/STM32CubeIDE.app/Contents/Eclipse/plugins/com.st.stm32cube.ide.mcu.externaltools.gnu-tools-for-stm32.7-2018-q2-update.macos64_1.4.0.202007081208/tools/bin/../lib/gcc/arm-none-eabi/7.3.1/../../../../arm-none-eabi/lib/thumb/v7e-m/fpv4-sp/hard/libm.a(lib_a-s_copysign.o)
 .ARM.attributes
                0x0000000000000722       0x22 /Applications/STM32CubeIDE.app/Contents/Eclipse/plugins/com.st.stm32cube.ide.mcu.externaltools.gnu-tools-for-stm32.7-2018-q2-update.macos64_1.4.0.202007081208/tools/bin/../lib/gcc/arm-none-eabi/7.3.1/thumb/v7e-m/fpv4-sp/hard/libgcc.a(_arm_addsubdf3.o)
 .ARM.attributes
                0x0000000000000744       0x22 /Applications/STM32CubeIDE.app/Contents/Eclipse/plugins/com.st.stm32cube.ide.mcu.externaltools.gnu-tools-for-stm32.7-2018-q2-update.macos64_1.4.0.202007081208/tools/bin/../lib/gcc/arm-none-eabi/7.3.1/thumb/v7e-m/fpv4-sp/hard/libgcc.a(_arm_muldivdf3.o)
 .ARM.attributes
                0x0000000000000766       0x22 /Applications/STM32CubeIDE.app/Contents/Eclipse/plugins/com.st.stm32cube.ide.mcu.externaltools.gnu-tools-for-stm32.7-2018-q2-update.macos64_1.4.0.202007081208/tools/bin/../lib/gcc/arm-none-eabi/7.3.1/thumb/v7e-m/fpv4-sp/hard/libgcc.a(_arm_cmpdf2.o)
 .ARM.attributes
                0x0000000000000788       0x22 /Applications/STM32CubeIDE.app/Contents/Eclipse/plugins/com.st.stm32cube.ide.mcu.externaltools.gnu-tools-for-stm32.7-2018-q2-update.macos64_1.4.0.202007081208/tools/bin/../lib/gcc/arm-none-eabi/7.3.1/thumb/v7e-m/fpv4-sp/hard/libgcc.a(_arm_fixdfsi.o)
 .ARM.attributes
                0x00000000000007aa       0x22 /Applications/STM32CubeIDE.app/Contents/Eclipse/plugins/com.st.stm32cube.ide.mcu.externaltools.gnu-tools-for-stm32.7-2018-q2-update.macos64_1.4.0.202007081208/tools/bin/../lib/gcc/arm-none-eabi/7.3.1/thumb/v7e-m/fpv4-sp/hard/libgcc.a(_aeabi_uldivmod.o)
 .ARM.attributes
                0x00000000000007cc       0x34 /Applications/STM32CubeIDE.app/Contents/Eclipse/plugins/com.st.stm32cube.ide.mcu.externaltools.gnu-tools-for-stm32.7-2018-q2-update.macos64_1.4.0.202007081208/tools/bin/../lib/gcc/arm-none-eabi/7.3.1/thumb/v7e-m/fpv4-sp/hard/libgcc.a(_udivmoddi4.o)
 .ARM.attributes
                0x0000000000000800       0x22 /Applications/STM32CubeIDE.app/Contents/Eclipse/plugins/com.st.stm32cube.ide.mcu.externaltools.gnu-tools-for-stm32.7-2018-q2-update.macos64_1.4.0.202007081208/tools/bin/../lib/gcc/arm-none-eabi/7.3.1/thumb/v7e-m/fpv4-sp/hard/libgcc.a(_dvmd_tls.o)
 .ARM.attributes
                0x0000000000000822       0x22 /Applications/STM32CubeIDE.app/Contents/Eclipse/plugins/com.st.stm32cube.ide.mcu.externaltools.gnu-tools-for-stm32.7-2018-q2-update.macos64_1.4.0.202007081208/tools/bin/../lib/gcc/arm-none-eabi/7.3.1/thumb/v7e-m/fpv4-sp/hard/crtn.o
OUTPUT(stepperDriver.elf elf32-littlearm)

.debug_info     0x0000000000000000     0xee07
 .debug_info    0x0000000000000000      0xb54 Core/Src/adc.o
 .debug_info    0x0000000000000b54      0x89c Core/Src/can.o
 .debug_info    0x00000000000013f0      0x558 Core/Src/dma.o
 .debug_info    0x0000000000001948      0x6f6 Core/Src/gpio.o
 .debug_info    0x000000000000203e     0x1d93 Core/Src/main.o
 .debug_info    0x0000000000003dd1      0x362 Core/Src/stm32f4xx_hal_msp.o
 .debug_info    0x0000000000004133      0xb1b Core/Src/stm32f4xx_hal_timebase_tim.o
 .debug_info    0x0000000000004c4e      0x7a8 Core/Src/stm32f4xx_it.o
 .debug_info    0x00000000000053f6      0x554 Core/Src/system_stm32f4xx.o
 .debug_info    0x000000000000594a     0x109c Core/Src/tim.o
 .debug_info    0x00000000000069e6       0x22 Core/Startup/startup_stm32f405rgtx.o
 .debug_info    0x0000000000006a08      0x933 Drivers/STM32F4xx_HAL_Driver/Src/stm32f4xx_hal.o
 .debug_info    0x000000000000733b      0xcee Drivers/STM32F4xx_HAL_Driver/Src/stm32f4xx_hal_adc.o
 .debug_info    0x0000000000008029      0xfa7 Drivers/STM32F4xx_HAL_Driver/Src/stm32f4xx_hal_can.o
 .debug_info    0x0000000000008fd0      0xe16 Drivers/STM32F4xx_HAL_Driver/Src/stm32f4xx_hal_cortex.o
 .debug_info    0x0000000000009de6      0x968 Drivers/STM32F4xx_HAL_Driver/Src/stm32f4xx_hal_dma.o
 .debug_info    0x000000000000a74e      0x7b5 Drivers/STM32F4xx_HAL_Driver/Src/stm32f4xx_hal_gpio.o
 .debug_info    0x000000000000af03      0x904 Drivers/STM32F4xx_HAL_Driver/Src/stm32f4xx_hal_rcc.o
 .debug_info    0x000000000000b807     0x24a9 Drivers/STM32F4xx_HAL_Driver/Src/stm32f4xx_hal_tim.o
 .debug_info    0x000000000000dcb0     0x1157 Drivers/STM32F4xx_HAL_Driver/Src/stm32f4xx_hal_tim_ex.o

.debug_abbrev   0x0000000000000000     0x2336
 .debug_abbrev  0x0000000000000000      0x1e2 Core/Src/adc.o
 .debug_abbrev  0x00000000000001e2      0x1ad Core/Src/can.o
 .debug_abbrev  0x000000000000038f      0x107 Core/Src/dma.o
 .debug_abbrev  0x0000000000000496      0x13d Core/Src/gpio.o
 .debug_abbrev  0x00000000000005d3      0x2ca Core/Src/main.o
 .debug_abbrev  0x000000000000089d      0x109 Core/Src/stm32f4xx_hal_msp.o
 .debug_abbrev  0x00000000000009a6      0x19d Core/Src/stm32f4xx_hal_timebase_tim.o
 .debug_abbrev  0x0000000000000b43      0x172 Core/Src/stm32f4xx_it.o
 .debug_abbrev  0x0000000000000cb5      0x12b Core/Src/system_stm32f4xx.o
 .debug_abbrev  0x0000000000000de0      0x1dc Core/Src/tim.o
 .debug_abbrev  0x0000000000000fbc       0x12 Core/Startup/startup_stm32f405rgtx.o
 .debug_abbrev  0x0000000000000fce      0x1c7 Drivers/STM32F4xx_HAL_Driver/Src/stm32f4xx_hal.o
 .debug_abbrev  0x0000000000001195      0x205 Drivers/STM32F4xx_HAL_Driver/Src/stm32f4xx_hal_adc.o
 .debug_abbrev  0x000000000000139a      0x21d Drivers/STM32F4xx_HAL_Driver/Src/stm32f4xx_hal_can.o
 .debug_abbrev  0x00000000000015b7      0x2fa Drivers/STM32F4xx_HAL_Driver/Src/stm32f4xx_hal_cortex.o
 .debug_abbrev  0x00000000000018b1      0x229 Drivers/STM32F4xx_HAL_Driver/Src/stm32f4xx_hal_dma.o
 .debug_abbrev  0x0000000000001ada      0x1c9 Drivers/STM32F4xx_HAL_Driver/Src/stm32f4xx_hal_gpio.o
 .debug_abbrev  0x0000000000001ca3      0x245 Drivers/STM32F4xx_HAL_Driver/Src/stm32f4xx_hal_rcc.o
 .debug_abbrev  0x0000000000001ee8      0x230 Drivers/STM32F4xx_HAL_Driver/Src/stm32f4xx_hal_tim.o
 .debug_abbrev  0x0000000000002118      0x21e Drivers/STM32F4xx_HAL_Driver/Src/stm32f4xx_hal_tim_ex.o

.debug_aranges  0x0000000000000000      0xd80
 .debug_aranges
                0x0000000000000000       0x40 Core/Src/adc.o
 .debug_aranges
                0x0000000000000040       0x30 Core/Src/can.o
 .debug_aranges
                0x0000000000000070       0x20 Core/Src/dma.o
 .debug_aranges
                0x0000000000000090       0x20 Core/Src/gpio.o
 .debug_aranges
                0x00000000000000b0       0x90 Core/Src/main.o
 .debug_aranges
                0x0000000000000140       0x20 Core/Src/stm32f4xx_hal_msp.o
 .debug_aranges
                0x0000000000000160       0x30 Core/Src/stm32f4xx_hal_timebase_tim.o
 .debug_aranges
                0x0000000000000190       0xa0 Core/Src/stm32f4xx_it.o
 .debug_aranges
                0x0000000000000230       0x28 Core/Src/system_stm32f4xx.o
 .debug_aranges
                0x0000000000000258       0x70 Core/Src/tim.o
 .debug_aranges
                0x00000000000002c8       0x28 Core/Startup/startup_stm32f405rgtx.o
 .debug_aranges
                0x00000000000002f0       0xf0 Drivers/STM32F4xx_HAL_Driver/Src/stm32f4xx_hal.o
 .debug_aranges
                0x00000000000003e0       0xe8 Drivers/STM32F4xx_HAL_Driver/Src/stm32f4xx_hal_adc.o
 .debug_aranges
                0x00000000000004c8      0x138 Drivers/STM32F4xx_HAL_Driver/Src/stm32f4xx_hal_can.o
 .debug_aranges
                0x0000000000000600      0x118 Drivers/STM32F4xx_HAL_Driver/Src/stm32f4xx_hal_cortex.o
 .debug_aranges
                0x0000000000000718       0x90 Drivers/STM32F4xx_HAL_Driver/Src/stm32f4xx_hal_dma.o
 .debug_aranges
                0x00000000000007a8       0x58 Drivers/STM32F4xx_HAL_Driver/Src/stm32f4xx_hal_gpio.o
 .debug_aranges
                0x0000000000000800       0x88 Drivers/STM32F4xx_HAL_Driver/Src/stm32f4xx_hal_rcc.o
 .debug_aranges
                0x0000000000000888      0x3a8 Drivers/STM32F4xx_HAL_Driver/Src/stm32f4xx_hal_tim.o
 .debug_aranges
                0x0000000000000c30      0x150 Drivers/STM32F4xx_HAL_Driver/Src/stm32f4xx_hal_tim_ex.o

.debug_ranges   0x0000000000000000      0xc48
 .debug_ranges  0x0000000000000000       0x30 Core/Src/adc.o
 .debug_ranges  0x0000000000000030       0x20 Core/Src/can.o
 .debug_ranges  0x0000000000000050       0x10 Core/Src/dma.o
 .debug_ranges  0x0000000000000060       0x10 Core/Src/gpio.o
 .debug_ranges  0x0000000000000070       0x80 Core/Src/main.o
 .debug_ranges  0x00000000000000f0       0x10 Core/Src/stm32f4xx_hal_msp.o
 .debug_ranges  0x0000000000000100       0x20 Core/Src/stm32f4xx_hal_timebase_tim.o
 .debug_ranges  0x0000000000000120       0x90 Core/Src/stm32f4xx_it.o
 .debug_ranges  0x00000000000001b0       0x18 Core/Src/system_stm32f4xx.o
 .debug_ranges  0x00000000000001c8       0x60 Core/Src/tim.o
 .debug_ranges  0x0000000000000228       0x20 Core/Startup/startup_stm32f405rgtx.o
 .debug_ranges  0x0000000000000248       0xe0 Drivers/STM32F4xx_HAL_Driver/Src/stm32f4xx_hal.o
 .debug_ranges  0x0000000000000328       0xd8 Drivers/STM32F4xx_HAL_Driver/Src/stm32f4xx_hal_adc.o
 .debug_ranges  0x0000000000000400      0x128 Drivers/STM32F4xx_HAL_Driver/Src/stm32f4xx_hal_can.o
 .debug_ranges  0x0000000000000528      0x108 Drivers/STM32F4xx_HAL_Driver/Src/stm32f4xx_hal_cortex.o
 .debug_ranges  0x0000000000000630       0x80 Drivers/STM32F4xx_HAL_Driver/Src/stm32f4xx_hal_dma.o
 .debug_ranges  0x00000000000006b0       0x48 Drivers/STM32F4xx_HAL_Driver/Src/stm32f4xx_hal_gpio.o
 .debug_ranges  0x00000000000006f8       0x78 Drivers/STM32F4xx_HAL_Driver/Src/stm32f4xx_hal_rcc.o
 .debug_ranges  0x0000000000000770      0x398 Drivers/STM32F4xx_HAL_Driver/Src/stm32f4xx_hal_tim.o
 .debug_ranges  0x0000000000000b08      0x140 Drivers/STM32F4xx_HAL_Driver/Src/stm32f4xx_hal_tim_ex.o

.debug_macro    0x0000000000000000    0x209a0
 .debug_macro   0x0000000000000000      0x200 Core/Src/adc.o
 .debug_macro   0x0000000000000200      0xa5a Core/Src/adc.o
 .debug_macro   0x0000000000000c5a      0x29a Core/Src/adc.o
 .debug_macro   0x0000000000000ef4       0x2e Core/Src/adc.o
 .debug_macro   0x0000000000000f22       0x2f Core/Src/adc.o
 .debug_macro   0x0000000000000f51       0x22 Core/Src/adc.o
 .debug_macro   0x0000000000000f73       0x8e Core/Src/adc.o
 .debug_macro   0x0000000000001001       0x51 Core/Src/adc.o
 .debug_macro   0x0000000000001052       0xef Core/Src/adc.o
 .debug_macro   0x0000000000001141       0x6a Core/Src/adc.o
 .debug_macro   0x00000000000011ab      0x1df Core/Src/adc.o
 .debug_macro   0x000000000000138a       0x1c Core/Src/adc.o
 .debug_macro   0x00000000000013a6       0x22 Core/Src/adc.o
 .debug_macro   0x00000000000013c8       0xdf Core/Src/adc.o
 .debug_macro   0x00000000000014a7     0x102d Core/Src/adc.o
 .debug_macro   0x00000000000024d4      0x11f Core/Src/adc.o
 .debug_macro   0x00000000000025f3    0x14251 Core/Src/adc.o
 .debug_macro   0x0000000000016844       0x43 Core/Src/adc.o
 .debug_macro   0x0000000000016887     0x3659 Core/Src/adc.o
 .debug_macro   0x0000000000019ee0      0x174 Core/Src/adc.o
 .debug_macro   0x000000000001a054       0x5a Core/Src/adc.o
 .debug_macro   0x000000000001a0ae      0x8a7 Core/Src/adc.o
 .debug_macro   0x000000000001a955      0x9fe Core/Src/adc.o
 .debug_macro   0x000000000001b353      0x117 Core/Src/adc.o
 .debug_macro   0x000000000001b46a      0x130 Core/Src/adc.o
 .debug_macro   0x000000000001b59a       0x27 Core/Src/adc.o
 .debug_macro   0x000000000001b5c1      0x174 Core/Src/adc.o
 .debug_macro   0x000000000001b735      0x287 Core/Src/adc.o
 .debug_macro   0x000000000001b9bc       0x5f Core/Src/adc.o
 .debug_macro   0x000000000001ba1b      0x236 Core/Src/adc.o
 .debug_macro   0x000000000001bc51      0x391 Core/Src/adc.o
 .debug_macro   0x000000000001bfe2      0x176 Core/Src/adc.o
 .debug_macro   0x000000000001c158       0xf9 Core/Src/adc.o
 .debug_macro   0x000000000001c251      0x40f Core/Src/adc.o
 .debug_macro   0x000000000001c660      0x12c Core/Src/adc.o
 .debug_macro   0x000000000001c78c      0x21e Core/Src/adc.o
 .debug_macro   0x000000000001c9aa       0x2e Core/Src/adc.o
 .debug_macro   0x000000000001c9d8      0x11a Core/Src/adc.o
 .debug_macro   0x000000000001caf2       0x7e Core/Src/adc.o
 .debug_macro   0x000000000001cb70       0x89 Core/Src/adc.o
 .debug_macro   0x000000000001cbf9      0x8a0 Core/Src/adc.o
 .debug_macro   0x000000000001d499       0x47 Core/Src/adc.o
 .debug_macro   0x000000000001d4e0      0x12d Core/Src/adc.o
 .debug_macro   0x000000000001d60d      0x148 Core/Src/adc.o
 .debug_macro   0x000000000001d755      0x200 Core/Src/can.o
 .debug_macro   0x000000000001d955      0x200 Core/Src/dma.o
 .debug_macro   0x000000000001db55      0x200 Core/Src/gpio.o
 .debug_macro   0x000000000001dd55      0x3ff Core/Src/main.o
 .debug_macro   0x000000000001e154       0x46 Core/Src/main.o
 .debug_macro   0x000000000001e19a       0x18 Core/Src/main.o
 .debug_macro   0x000000000001e1b2       0x3c Core/Src/main.o
 .debug_macro   0x000000000001e1ee       0x34 Core/Src/main.o
 .debug_macro   0x000000000001e222       0x16 Core/Src/main.o
 .debug_macro   0x000000000001e238       0x35 Core/Src/main.o
 .debug_macro   0x000000000001e26d      0x32a Core/Src/main.o
 .debug_macro   0x000000000001e597       0x10 Core/Src/main.o
 .debug_macro   0x000000000001e5a7       0x52 Core/Src/main.o
 .debug_macro   0x000000000001e5f9       0x1f Core/Src/main.o
 .debug_macro   0x000000000001e618       0x43 Core/Src/main.o
 .debug_macro   0x000000000001e65b       0x20 Core/Src/main.o
 .debug_macro   0x000000000001e67b      0x1a3 Core/Src/main.o
 .debug_macro   0x000000000001e81e       0x10 Core/Src/main.o
 .debug_macro   0x000000000001e82e       0x1c Core/Src/main.o
 .debug_macro   0x000000000001e84a       0x52 Core/Src/main.o
 .debug_macro   0x000000000001e89c       0x40 Core/Src/main.o
 .debug_macro   0x000000000001e8dc       0x10 Core/Src/main.o
 .debug_macro   0x000000000001e8ec       0x40 Core/Src/main.o
 .debug_macro   0x000000000001e92c       0xd7 Core/Src/main.o
 .debug_macro   0x000000000001ea03       0x1c Core/Src/main.o
 .debug_macro   0x000000000001ea1f       0x3d Core/Src/main.o
 .debug_macro   0x000000000001ea5c       0x16 Core/Src/main.o
 .debug_macro   0x000000000001ea72      0x145 Core/Src/main.o
 .debug_macro   0x000000000001ebb7       0x16 Core/Src/main.o
 .debug_macro   0x000000000001ebcd       0x16 Core/Src/main.o
 .debug_macro   0x000000000001ebe3       0x29 Core/Src/main.o
 .debug_macro   0x000000000001ec0c      0x1e1 Core/Src/main.o
 .debug_macro   0x000000000001eded      0x1f6 Core/Src/stm32f4xx_hal_msp.o
 .debug_macro   0x000000000001efe3      0x1e7 Core/Src/stm32f4xx_hal_timebase_tim.o
 .debug_macro   0x000000000001f1ca      0x200 Core/Src/stm32f4xx_it.o
 .debug_macro   0x000000000001f3ca      0x1ed Core/Src/system_stm32f4xx.o
 .debug_macro   0x000000000001f5b7      0x200 Core/Src/tim.o
 .debug_macro   0x000000000001f7b7      0x247 Drivers/STM32F4xx_HAL_Driver/Src/stm32f4xx_hal.o
 .debug_macro   0x000000000001f9fe      0x1e8 Drivers/STM32F4xx_HAL_Driver/Src/stm32f4xx_hal_adc.o
 .debug_macro   0x000000000001fbe6      0x1ef Drivers/STM32F4xx_HAL_Driver/Src/stm32f4xx_hal_can.o
 .debug_macro   0x000000000001fdd5      0x1e7 Drivers/STM32F4xx_HAL_Driver/Src/stm32f4xx_hal_cortex.o
 .debug_macro   0x000000000001ffbc      0x1ed Drivers/STM32F4xx_HAL_Driver/Src/stm32f4xx_hal_dma.o
 .debug_macro   0x00000000000201a9      0x21d Drivers/STM32F4xx_HAL_Driver/Src/stm32f4xx_hal_gpio.o
 .debug_macro   0x00000000000203c6      0x20b Drivers/STM32F4xx_HAL_Driver/Src/stm32f4xx_hal_rcc.o
 .debug_macro   0x00000000000205d1      0x1e8 Drivers/STM32F4xx_HAL_Driver/Src/stm32f4xx_hal_tim.o
 .debug_macro   0x00000000000207b9      0x1e7 Drivers/STM32F4xx_HAL_Driver/Src/stm32f4xx_hal_tim_ex.o

.debug_line     0x0000000000000000     0xbe96
 .debug_line    0x0000000000000000      0x818 Core/Src/adc.o
 .debug_line    0x0000000000000818      0x755 Core/Src/can.o
 .debug_line    0x0000000000000f6d      0x720 Core/Src/dma.o
 .debug_line    0x000000000000168d      0x749 Core/Src/gpio.o
 .debug_line    0x0000000000001dd6      0xb3d Core/Src/main.o
 .debug_line    0x0000000000002913      0x721 Core/Src/stm32f4xx_hal_msp.o
 .debug_line    0x0000000000003034      0x755 Core/Src/stm32f4xx_hal_timebase_tim.o
 .debug_line    0x0000000000003789      0x855 Core/Src/stm32f4xx_it.o
 .debug_line    0x0000000000003fde      0x73c Core/Src/system_stm32f4xx.o
 .debug_line    0x000000000000471a      0x8db Core/Src/tim.o
 .debug_line    0x0000000000004ff5       0x85 Core/Startup/startup_stm32f405rgtx.o
 .debug_line    0x000000000000507a      0x926 Drivers/STM32F4xx_HAL_Driver/Src/stm32f4xx_hal.o
 .debug_line    0x00000000000059a0      0xb8b Drivers/STM32F4xx_HAL_Driver/Src/stm32f4xx_hal_adc.o
 .debug_line    0x000000000000652b      0xbcf Drivers/STM32F4xx_HAL_Driver/Src/stm32f4xx_hal_can.o
 .debug_line    0x00000000000070fa      0xa4a Drivers/STM32F4xx_HAL_Driver/Src/stm32f4xx_hal_cortex.o
 .debug_line    0x0000000000007b44      0x9f4 Drivers/STM32F4xx_HAL_Driver/Src/stm32f4xx_hal_dma.o
 .debug_line    0x0000000000008538      0x905 Drivers/STM32F4xx_HAL_Driver/Src/stm32f4xx_hal_gpio.o
 .debug_line    0x0000000000008e3d      0x97e Drivers/STM32F4xx_HAL_Driver/Src/stm32f4xx_hal_rcc.o
 .debug_line    0x00000000000097bb     0x199f Drivers/STM32F4xx_HAL_Driver/Src/stm32f4xx_hal_tim.o
 .debug_line    0x000000000000b15a      0xd3c Drivers/STM32F4xx_HAL_Driver/Src/stm32f4xx_hal_tim_ex.o

.debug_str      0x0000000000000000    0xc4fea
 .debug_str     0x0000000000000000    0xbca28 Core/Src/adc.o
                                      0xbcd33 (size before relaxing)
 .debug_str     0x00000000000bca28      0x255 Core/Src/can.o
                                      0xbcb43 (size before relaxing)
 .debug_str     0x00000000000bcc7d      0x4b0 Core/Src/dma.o
                                      0xbccdd (size before relaxing)
 .debug_str     0x00000000000bd12d       0x46 Core/Src/gpio.o
                                      0xbcd7d (size before relaxing)
 .debug_str     0x00000000000bd173     0x5016 Core/Src/main.o
                                      0xc1fc6 (size before relaxing)
 .debug_str     0x00000000000c2189       0x2c Core/Src/stm32f4xx_hal_msp.o
                                      0xbc815 (size before relaxing)
 .debug_str     0x00000000000c21b5       0xaa Core/Src/stm32f4xx_hal_timebase_tim.o
                                      0xbcd01 (size before relaxing)
 .debug_str     0x00000000000c225f      0x16b Core/Src/stm32f4xx_it.o
                                      0xbccae (size before relaxing)
 .debug_str     0x00000000000c23ca       0xc4 Core/Src/system_stm32f4xx.o
                                      0xbc3ac (size before relaxing)
 .debug_str     0x00000000000c248e      0x2bb Core/Src/tim.o
                                      0xbd476 (size before relaxing)
 .debug_str     0x00000000000c2749       0x36 Core/Startup/startup_stm32f405rgtx.o
                                         0x87 (size before relaxing)
 .debug_str     0x00000000000c277f      0x542 Drivers/STM32F4xx_HAL_Driver/Src/stm32f4xx_hal.o
                                      0xbce58 (size before relaxing)
 .debug_str     0x00000000000c2cc1      0x2aa Drivers/STM32F4xx_HAL_Driver/Src/stm32f4xx_hal_adc.o
                                      0xbc943 (size before relaxing)
 .debug_str     0x00000000000c2f6b      0x573 Drivers/STM32F4xx_HAL_Driver/Src/stm32f4xx_hal_can.o
                                      0xbcaa3 (size before relaxing)
 .debug_str     0x00000000000c34de      0x397 Drivers/STM32F4xx_HAL_Driver/Src/stm32f4xx_hal_cortex.o
                                      0xbcc47 (size before relaxing)
 .debug_str     0x00000000000c3875      0x315 Drivers/STM32F4xx_HAL_Driver/Src/stm32f4xx_hal_dma.o
                                      0xbc7c1 (size before relaxing)
 .debug_str     0x00000000000c3b8a      0x1ec Drivers/STM32F4xx_HAL_Driver/Src/stm32f4xx_hal_gpio.o
                                      0xbc5eb (size before relaxing)
 .debug_str     0x00000000000c3d76      0x24f Drivers/STM32F4xx_HAL_Driver/Src/stm32f4xx_hal_rcc.o
                                      0xbc799 (size before relaxing)
 .debug_str     0x00000000000c3fc5      0xc17 Drivers/STM32F4xx_HAL_Driver/Src/stm32f4xx_hal_tim.o
                                      0xbd4b8 (size before relaxing)
 .debug_str     0x00000000000c4bdc      0x40e Drivers/STM32F4xx_HAL_Driver/Src/stm32f4xx_hal_tim_ex.o
                                      0xbccb8 (size before relaxing)

.comment        0x0000000000000000       0x7b
 .comment       0x0000000000000000       0x7b Core/Src/adc.o
                                         0x7c (size before relaxing)
 .comment       0x000000000000007b       0x7c Core/Src/can.o
 .comment       0x000000000000007b       0x7c Core/Src/dma.o
 .comment       0x000000000000007b       0x7c Core/Src/gpio.o
 .comment       0x000000000000007b       0x7c Core/Src/main.o
 .comment       0x000000000000007b       0x7c Core/Src/stm32f4xx_hal_msp.o
 .comment       0x000000000000007b       0x7c Core/Src/stm32f4xx_hal_timebase_tim.o
 .comment       0x000000000000007b       0x7c Core/Src/stm32f4xx_it.o
 .comment       0x000000000000007b       0x7c Core/Src/system_stm32f4xx.o
 .comment       0x000000000000007b       0x7c Core/Src/tim.o
 .comment       0x000000000000007b       0x7c Drivers/STM32F4xx_HAL_Driver/Src/stm32f4xx_hal.o
 .comment       0x000000000000007b       0x7c Drivers/STM32F4xx_HAL_Driver/Src/stm32f4xx_hal_adc.o
 .comment       0x000000000000007b       0x7c Drivers/STM32F4xx_HAL_Driver/Src/stm32f4xx_hal_can.o
 .comment       0x000000000000007b       0x7c Drivers/STM32F4xx_HAL_Driver/Src/stm32f4xx_hal_cortex.o
 .comment       0x000000000000007b       0x7c Drivers/STM32F4xx_HAL_Driver/Src/stm32f4xx_hal_dma.o
 .comment       0x000000000000007b       0x7c Drivers/STM32F4xx_HAL_Driver/Src/stm32f4xx_hal_gpio.o
 .comment       0x000000000000007b       0x7c Drivers/STM32F4xx_HAL_Driver/Src/stm32f4xx_hal_rcc.o
 .comment       0x000000000000007b       0x7c Drivers/STM32F4xx_HAL_Driver/Src/stm32f4xx_hal_tim.o
 .comment       0x000000000000007b       0x7c Drivers/STM32F4xx_HAL_Driver/Src/stm32f4xx_hal_tim_ex.o

.debug_frame    0x0000000000000000     0x3ad4
 .debug_frame   0x0000000000000000       0xc8 Core/Src/adc.o
 .debug_frame   0x00000000000000c8       0x74 Core/Src/can.o
 .debug_frame   0x000000000000013c       0x34 Core/Src/dma.o
 .debug_frame   0x0000000000000170       0x34 Core/Src/gpio.o
 .debug_frame   0x00000000000001a4      0x218 Core/Src/main.o
 .debug_frame   0x00000000000003bc       0x38 Core/Src/stm32f4xx_hal_msp.o
 .debug_frame   0x00000000000003f4       0x74 Core/Src/stm32f4xx_hal_timebase_tim.o
 .debug_frame   0x0000000000000468      0x1f0 Core/Src/stm32f4xx_it.o
 .debug_frame   0x0000000000000658       0x58 Core/Src/system_stm32f4xx.o
 .debug_frame   0x00000000000006b0      0x19c Core/Src/tim.o
 .debug_frame   0x000000000000084c      0x374 Drivers/STM32F4xx_HAL_Driver/Src/stm32f4xx_hal.o
 .debug_frame   0x0000000000000bc0      0x3fc Drivers/STM32F4xx_HAL_Driver/Src/stm32f4xx_hal_adc.o
 .debug_frame   0x0000000000000fbc      0x5a0 Drivers/STM32F4xx_HAL_Driver/Src/stm32f4xx_hal_can.o
 .debug_frame   0x000000000000155c      0x498 Drivers/STM32F4xx_HAL_Driver/Src/stm32f4xx_hal_cortex.o
 .debug_frame   0x00000000000019f4      0x250 Drivers/STM32F4xx_HAL_Driver/Src/stm32f4xx_hal_dma.o
 .debug_frame   0x0000000000001c44      0x14c Drivers/STM32F4xx_HAL_Driver/Src/stm32f4xx_hal_gpio.o
 .debug_frame   0x0000000000001d90      0x1f0 Drivers/STM32F4xx_HAL_Driver/Src/stm32f4xx_hal_rcc.o
 .debug_frame   0x0000000000001f80     0x10f0 Drivers/STM32F4xx_HAL_Driver/Src/stm32f4xx_hal_tim.o
 .debug_frame   0x0000000000003070      0x5c0 Drivers/STM32F4xx_HAL_Driver/Src/stm32f4xx_hal_tim_ex.o
 .debug_frame   0x0000000000003630       0x2c /Applications/STM32CubeIDE.app/Contents/Eclipse/plugins/com.st.stm32cube.ide.mcu.externaltools.gnu-tools-for-stm32.7-2018-q2-update.macos64_1.4.0.202007081208/tools/bin/../lib/gcc/arm-none-eabi/7.3.1/../../../../arm-none-eabi/lib/thumb/v7e-m/fpv4-sp/hard/libc_nano.a(lib_a-init.o)
 .debug_frame   0x000000000000365c       0x20 /Applications/STM32CubeIDE.app/Contents/Eclipse/plugins/com.st.stm32cube.ide.mcu.externaltools.gnu-tools-for-stm32.7-2018-q2-update.macos64_1.4.0.202007081208/tools/bin/../lib/gcc/arm-none-eabi/7.3.1/../../../../arm-none-eabi/lib/thumb/v7e-m/fpv4-sp/hard/libc_nano.a(lib_a-memset.o)
 .debug_frame   0x000000000000367c       0x2c /Applications/STM32CubeIDE.app/Contents/Eclipse/plugins/com.st.stm32cube.ide.mcu.externaltools.gnu-tools-for-stm32.7-2018-q2-update.macos64_1.4.0.202007081208/tools/bin/../lib/gcc/arm-none-eabi/7.3.1/../../../../arm-none-eabi/lib/thumb/v7e-m/fpv4-sp/hard/libm.a(lib_a-s_cos.o)
 .debug_frame   0x00000000000036a8       0x2c /Applications/STM32CubeIDE.app/Contents/Eclipse/plugins/com.st.stm32cube.ide.mcu.externaltools.gnu-tools-for-stm32.7-2018-q2-update.macos64_1.4.0.202007081208/tools/bin/../lib/gcc/arm-none-eabi/7.3.1/../../../../arm-none-eabi/lib/thumb/v7e-m/fpv4-sp/hard/libm.a(lib_a-s_sin.o)
 .debug_frame   0x00000000000036d4       0x40 /Applications/STM32CubeIDE.app/Contents/Eclipse/plugins/com.st.stm32cube.ide.mcu.externaltools.gnu-tools-for-stm32.7-2018-q2-update.macos64_1.4.0.202007081208/tools/bin/../lib/gcc/arm-none-eabi/7.3.1/../../../../arm-none-eabi/lib/thumb/v7e-m/fpv4-sp/hard/libm.a(lib_a-e_rem_pio2.o)
 .debug_frame   0x0000000000003714       0x4c /Applications/STM32CubeIDE.app/Contents/Eclipse/plugins/com.st.stm32cube.ide.mcu.externaltools.gnu-tools-for-stm32.7-2018-q2-update.macos64_1.4.0.202007081208/tools/bin/../lib/gcc/arm-none-eabi/7.3.1/../../../../arm-none-eabi/lib/thumb/v7e-m/fpv4-sp/hard/libm.a(lib_a-k_cos.o)
 .debug_frame   0x0000000000003760       0x54 /Applications/STM32CubeIDE.app/Contents/Eclipse/plugins/com.st.stm32cube.ide.mcu.externaltools.gnu-tools-for-stm32.7-2018-q2-update.macos64_1.4.0.202007081208/tools/bin/../lib/gcc/arm-none-eabi/7.3.1/../../../../arm-none-eabi/lib/thumb/v7e-m/fpv4-sp/hard/libm.a(lib_a-k_rem_pio2.o)
 .debug_frame   0x00000000000037b4       0x40 /Applications/STM32CubeIDE.app/Contents/Eclipse/plugins/com.st.stm32cube.ide.mcu.externaltools.gnu-tools-for-stm32.7-2018-q2-update.macos64_1.4.0.202007081208/tools/bin/../lib/gcc/arm-none-eabi/7.3.1/../../../../arm-none-eabi/lib/thumb/v7e-m/fpv4-sp/hard/libm.a(lib_a-k_sin.o)
 .debug_frame   0x00000000000037f4       0x20 /Applications/STM32CubeIDE.app/Contents/Eclipse/plugins/com.st.stm32cube.ide.mcu.externaltools.gnu-tools-for-stm32.7-2018-q2-update.macos64_1.4.0.202007081208/tools/bin/../lib/gcc/arm-none-eabi/7.3.1/../../../../arm-none-eabi/lib/thumb/v7e-m/fpv4-sp/hard/libm.a(lib_a-s_fabs.o)
 .debug_frame   0x0000000000003814       0x30 /Applications/STM32CubeIDE.app/Contents/Eclipse/plugins/com.st.stm32cube.ide.mcu.externaltools.gnu-tools-for-stm32.7-2018-q2-update.macos64_1.4.0.202007081208/tools/bin/../lib/gcc/arm-none-eabi/7.3.1/../../../../arm-none-eabi/lib/thumb/v7e-m/fpv4-sp/hard/libm.a(lib_a-s_floor.o)
 .debug_frame   0x0000000000003844       0x2c /Applications/STM32CubeIDE.app/Contents/Eclipse/plugins/com.st.stm32cube.ide.mcu.externaltools.gnu-tools-for-stm32.7-2018-q2-update.macos64_1.4.0.202007081208/tools/bin/../lib/gcc/arm-none-eabi/7.3.1/../../../../arm-none-eabi/lib/thumb/v7e-m/fpv4-sp/hard/libm.a(lib_a-s_scalbn.o)
 .debug_frame   0x0000000000003870       0x20 /Applications/STM32CubeIDE.app/Contents/Eclipse/plugins/com.st.stm32cube.ide.mcu.externaltools.gnu-tools-for-stm32.7-2018-q2-update.macos64_1.4.0.202007081208/tools/bin/../lib/gcc/arm-none-eabi/7.3.1/../../../../arm-none-eabi/lib/thumb/v7e-m/fpv4-sp/hard/libm.a(lib_a-s_copysign.o)
 .debug_frame   0x0000000000003890       0xac /Applications/STM32CubeIDE.app/Contents/Eclipse/plugins/com.st.stm32cube.ide.mcu.externaltools.gnu-tools-for-stm32.7-2018-q2-update.macos64_1.4.0.202007081208/tools/bin/../lib/gcc/arm-none-eabi/7.3.1/thumb/v7e-m/fpv4-sp/hard/libgcc.a(_arm_addsubdf3.o)
 .debug_frame   0x000000000000393c       0x50 /Applications/STM32CubeIDE.app/Contents/Eclipse/plugins/com.st.stm32cube.ide.mcu.externaltools.gnu-tools-for-stm32.7-2018-q2-update.macos64_1.4.0.202007081208/tools/bin/../lib/gcc/arm-none-eabi/7.3.1/thumb/v7e-m/fpv4-sp/hard/libgcc.a(_arm_muldivdf3.o)
 .debug_frame   0x000000000000398c       0xc4 /Applications/STM32CubeIDE.app/Contents/Eclipse/plugins/com.st.stm32cube.ide.mcu.externaltools.gnu-tools-for-stm32.7-2018-q2-update.macos64_1.4.0.202007081208/tools/bin/../lib/gcc/arm-none-eabi/7.3.1/thumb/v7e-m/fpv4-sp/hard/libgcc.a(_arm_cmpdf2.o)
 .debug_frame   0x0000000000003a50       0x24 /Applications/STM32CubeIDE.app/Contents/Eclipse/plugins/com.st.stm32cube.ide.mcu.externaltools.gnu-tools-for-stm32.7-2018-q2-update.macos64_1.4.0.202007081208/tools/bin/../lib/gcc/arm-none-eabi/7.3.1/thumb/v7e-m/fpv4-sp/hard/libgcc.a(_arm_fixdfsi.o)
 .debug_frame   0x0000000000003a74       0x2c /Applications/STM32CubeIDE.app/Contents/Eclipse/plugins/com.st.stm32cube.ide.mcu.externaltools.gnu-tools-for-stm32.7-2018-q2-update.macos64_1.4.0.202007081208/tools/bin/../lib/gcc/arm-none-eabi/7.3.1/thumb/v7e-m/fpv4-sp/hard/libgcc.a(_aeabi_uldivmod.o)
 .debug_frame   0x0000000000003aa0       0x34 /Applications/STM32CubeIDE.app/Contents/Eclipse/plugins/com.st.stm32cube.ide.mcu.externaltools.gnu-tools-for-stm32.7-2018-q2-update.macos64_1.4.0.202007081208/tools/bin/../lib/gcc/arm-none-eabi/7.3.1/thumb/v7e-m/fpv4-sp/hard/libgcc.a(_udivmoddi4.o)
